 ray

 Timestamp is 62517678 (Sat Apr  9 20:05:12 2022)

 Preferred load address is 00400000

 Start         Length     Name                   Class
 0001:00000000 000001e0H .text$di                CODE
 0001:000001e0 000739c0H .text$mn                CODE
 0001:00073ba0 000023d0H .text$x                 CODE
 0001:00075f70 000000d9H .text$yd                CODE
 0002:00000000 000006b4H .idata$5                DATA
 0002:000006b4 00000008H .00cfg                  DATA
 0002:000006bc 00000004H .CRT$XCA                DATA
 0002:000006c0 00000004H .CRT$XCAA               DATA
 0002:000006c4 00000004H .CRT$XCL                DATA
 0002:000006c8 0000002cH .CRT$XCU                DATA
 0002:000006f4 00000004H .CRT$XCZ                DATA
 0002:000006f8 00000004H .CRT$XIA                DATA
 0002:000006fc 00000004H .CRT$XIAA               DATA
 0002:00000700 00000004H .CRT$XIAC               DATA
 0002:00000704 00000004H .CRT$XIC                DATA
 0002:00000708 00000004H .CRT$XIZ                DATA
 0002:0000070c 00000004H .CRT$XLA                DATA
 0002:00000710 00000004H .CRT$XLZ                DATA
 0002:00000714 00000004H .CRT$XPA                DATA
 0002:00000718 00000004H .CRT$XPZ                DATA
 0002:0000071c 00000004H .CRT$XTA                DATA
 0002:00000720 00000010H .CRT$XTZ                DATA
 0002:00000724 00000000H .gfids$y                DATA
 0002:00000730 00007d50H .rdata                  DATA
 0002:00008480 00000004H .rdata$CastGuardVftablesA DATA
 0002:00008484 00000004H .rdata$CastGuardVftablesC DATA
 0002:00008488 00000018H .rdata$T                DATA
 0002:000084a0 000024a8H .rdata$r                DATA
 0002:0000a948 00000028H .rdata$voltmd           DATA
 0002:0000a970 00000448H .rdata$zzzdbg           DATA
 0002:0000adb8 00000004H .rtc$IAA                DATA
 0002:0000adbc 00000004H .rtc$IZZ                DATA
 0002:0000adc0 00000004H .rtc$TAA                DATA
 0002:0000adc4 00000004H .rtc$TZZ                DATA
 0002:0000adc8 00000004H .tls                    DATA
 0002:0000adcc 00000004H .tls$                   DATA
 0002:0000add0 00000008H .tls$ZZZ                DATA
 0002:0000add8 00002138H .xdata$x                DATA
 0002:0000cf10 00000000H .edata                  DATA
 0002:0000cf10 000001b8H .idata$2                DATA
 0002:0000d0c8 00000014H .idata$3                DATA
 0002:0000d0dc 000006b4H .idata$4                DATA
 0002:0000d790 0000245cH .idata$6                DATA
 0003:00000000 00001e88H .data                   DATA
 0003:00001e88 000009a0H .data$r                 DATA
 0003:00002828 000004c8H .data$rs                DATA
 0003:00002cf0 000055e8H .bss                    DATA
 0004:00000000 00000060H .rsrc$01                DATA
 0004:00000060 00000180H .rsrc$02                DATA

  Address         Publics by Value              Rva+Base       Lib:Object

 0000:00000000       ___arm64x_extra_rfe_table_size 00000000     <absolute>
 0000:00000000       ___arm64x_extra_rfe_table  00000000     <absolute>
 0000:00000000       ___safe_se_handler_count   00000000     <absolute>
 0000:00000000       ___hybrid_auxiliary_iat    00000000     <absolute>
 0000:00000000       ___hybrid_code_map_count   00000000     <absolute>
 0000:00000000       ___guard_eh_cont_count     00000000     <absolute>
 0000:00000000       ___guard_iat_count         00000000     <absolute>
 0000:00000000       ___arm64x_redirection_metadata 00000000     <absolute>
 0000:00000000       ___guard_check_icall_a64n_fptr 00000000     <absolute>
 0000:00000000       ___guard_longjmp_count     00000000     <absolute>
 0000:00000000       ___safe_se_handler_table   00000000     <absolute>
 0000:00000000       ___arm64x_redirection_metadata_count 00000000     <absolute>
 0000:00000000       ___guard_fids_count        00000000     <absolute>
 0000:00000000       ___guard_fids_table        00000000     <absolute>
 0000:00000000       ___x64_code_ranges_to_entry_points_count 00000000     <absolute>
 0000:00000000       ___enclave_config          00000000     <absolute>
 0000:00000000       ___x64_code_ranges_to_entry_points 00000000     <absolute>
 0000:00000000       ___hybrid_auxiliary_iat_copy 00000000     <absolute>
 0000:00000000       ___guard_eh_cont_table     00000000     <absolute>
 0000:00000000       ___arm64x_native_entrypoint 00000000     <absolute>
 0000:00000000       ___dynamic_value_reloc_table 00000000     <absolute>
 0000:00000000       ___guard_iat_table         00000000     <absolute>
 0000:00000000       ___guard_longjmp_table     00000000     <absolute>
 0000:00000000       ___AbsoluteZero            00000000     <absolute>
 0000:00000000       ___hybrid_code_map         00000000     <absolute>
 0000:0000002c       __tls_array                0000002c     <absolute>
 0000:00000100       ___guard_flags             00000100     <absolute>
 0000:00000000       ___ImageBase               00400000     <linker-defined>
 0001:000001e0       ?GetOption@@YAHHPAPADPAD0@Z 004011e0 f   getopt.obj
 0001:000002c0       ?getopt@@YAHHPAPADPAD@Z    004012c0 f   getopt.obj
 0001:000003b0       ??_H@YGXPAXIIP6EPAX0@Z@Z   004013b0 f i main.obj
 0001:000003e0       ?processArgs@@YA_NHPAPAD@Z 004013e0 f   main.obj
 0001:000004d0       ?usage@@YAXXZ              004014d0 f   main.obj
 0001:000004f0       ___local_stdio_printf_options 004014f0 f i main.obj
 0001:00000500       _fprintf                   00401500 f i main.obj
 0001:00000530       _main                      00401530 f   main.obj
 0001:00000820       ??$_Allocate_manually_vector_aligned@U_Default_allocate_traits@std@@@std@@YAPAXI@Z 00401820 f i RayTracer.obj
 0001:00000860       ??$pow@NH$0A@@@YANNH@Z     00401860 f i RayTracer.obj
 0001:00000890       ??0RayTracer@@QAE@XZ       00401890 f   RayTracer.obj
 0001:000008c0       ??0bad_alloc@std@@QAE@ABV01@@Z 004018c0 f i RayTracer.obj
 0001:00000900       ??0bad_array_new_length@std@@QAE@ABV01@@Z 00401900 f i RayTracer.obj
 0001:00000940       ??0bad_array_new_length@std@@QAE@XZ 00401940 f i RayTracer.obj
 0001:00000960       ??0exception@std@@QAE@ABV01@@Z 00401960 f i RayTracer.obj
 0001:00000990       ??0vec3f@@QAE@XZ           00401990 f i RayTracer.obj
 0001:000009a0       ??1?$basic_string@DU?$char_traits@D@std@@V?$allocator@D@2@@std@@QAE@XZ 004019a0 f i RayTracer.obj
 0001:000009f0       ??1ParseError@@QAE@XZ      004019f0 f i RayTracer.obj
 0001:00000a40       ??1RayTracer@@QAE@XZ       00401a40 f   RayTracer.obj
 0001:00000a60       ??1bad_array_new_length@std@@UAE@XZ 00401a60 f i RayTracer.obj
 0001:00000a80       ??1exception@std@@UAE@XZ   00401a80 f i RayTracer.obj
 0001:00000aa0       ??1isect@@QAE@XZ           00401aa0 f i RayTracer.obj
 0001:00000ac0       ??_Gbad_alloc@std@@UAEPAXI@Z 00401ac0 f i RayTracer.obj
 0001:00000ac0       ??_Ebad_alloc@std@@UAEPAXI@Z 00401ac0 f i RayTracer.obj
 0001:00000af0       ??_Gbad_array_new_length@std@@UAEPAXI@Z 00401af0 f i RayTracer.obj
 0001:00000af0       ??_Ebad_array_new_length@std@@UAEPAXI@Z 00401af0 f i RayTracer.obj
 0001:00000b20       ??_Gexception@std@@UAEPAXI@Z 00401b20 f i RayTracer.obj
 0001:00000b20       ??_Eexception@std@@UAEPAXI@Z 00401b20 f i RayTracer.obj
 0001:00000b50       ?TIR@@YA_NVray@@Visect@@NN@Z 00401b50 f   RayTracer.obj
 0001:00000ce0       ?_Throw_bad_array_new_length@std@@YAXXZ 00401ce0 f i RayTracer.obj
 0001:00000d00       ?_Xlen_string@std@@YAXXZ   00401d00 f i RayTracer.obj
 0001:00000d10       ?allocate@?$allocator@D@std@@QAEPADI@Z 00401d10 f i RayTracer.obj
 0001:00000d70       ?aspectRatio@RayTracer@@QAENXZ 00401d70 f   RayTracer.obj
 0001:00000db0       ?assign@?$basic_string@DU?$char_traits@D@std@@V?$allocator@D@2@@std@@QAEAAV12@QBDI@Z 00401db0 f i RayTracer.obj
 0001:00000ea0       ?getBuffer@RayTracer@@QAEXAAPAEAAH1@Z 00401ea0 f   RayTracer.obj
 0001:00000ec0       ?loadScene@RayTracer@@QAE_NPAD@Z 00401ec0 f   RayTracer.obj
 0001:00001030       ?retractDirection@@YA?AVvec3f@@Vray@@Visect@@NN_N@Z 00402030 f   RayTracer.obj
 0001:00001210       ?sceneLoaded@RayTracer@@QAE_NXZ 00402210 f   RayTracer.obj
 0001:00001220       ?trace@RayTracer@@QAE?AVvec3f@@PAVScene@@NN@Z 00402220 f   RayTracer.obj
 0001:00001310       ?traceLines@RayTracer@@QAEXHH@Z 00402310 f   RayTracer.obj
 0001:000014a0       ?tracePixel@RayTracer@@QAEXHH@Z 004024a0 f   RayTracer.obj
 0001:000015e0       ?traceRay@RayTracer@@QAE?AVvec3f@@PAVScene@@ABVray@@ABV2@H@Z 004025e0 f   RayTracer.obj
 0001:000018f0       ?traceSetup@RayTracer@@QAEXHH@Z 004028f0 f   RayTracer.obj
 0001:00001950       ?what@exception@std@@UBEPBDXZ 00402950 f i RayTracer.obj
 0001:00001960       ??0TraceGLWindow@@QAE@HHHHPBD@Z 00402960 f   TraceGLWindow.obj
 0001:000019e0       ??_GFl_Gl_Window@@UAEPAXI@Z 004029e0 f i TraceGLWindow.obj
 0001:000019e0       ??_EFl_Gl_Window@@UAEPAXI@Z 004029e0 f i TraceGLWindow.obj
 0001:00001a10       ??_GTraceGLWindow@@UAEPAXI@Z 00402a10 f i TraceGLWindow.obj
 0001:00001a10       ??_ETraceGLWindow@@UAEPAXI@Z 00402a10 f i TraceGLWindow.obj
 0001:00001a40       ?as_gl_window@Fl_Gl_Window@@UAEPAV1@XZ 00402a40 f i TraceGLWindow.obj
 0001:00001a50       ?as_group@Fl_Group@@UAEPAV1@XZ 00402a50 f i TraceGLWindow.obj
 0001:00001a60       ?as_window@Fl_Window@@UAEPAV1@XZ 00402a60 f i TraceGLWindow.obj
 0001:00001a70       ?draw@TraceGLWindow@@UAEXXZ 00402a70 f   TraceGLWindow.obj
 0001:00001b50       ?handle@TraceGLWindow@@UAEHH@Z 00402b50 f   TraceGLWindow.obj
 0001:00001b60       ?refresh@TraceGLWindow@@QAEXXZ 00402b60 f   TraceGLWindow.obj
 0001:00001b70       ?resizeWindow@TraceGLWindow@@QAEXHH@Z 00402b70 f   TraceGLWindow.obj
 0001:00001ba0       ?saveImage@TraceGLWindow@@QAEXPAD@Z 00402ba0 f   TraceGLWindow.obj
 0001:00001bf0       ?setRayTracer@TraceGLWindow@@QAEXPAVRayTracer@@@Z 00402bf0 f   TraceGLWindow.obj
 0001:00001c00       ?cb_load_scene@TraceUI@@CAXPAVFl_Menu_@@PAX@Z 00402c00 f   TraceUI.obj
 0001:00001ca0       ?cb_save_image@TraceUI@@CAXPAVFl_Menu_@@PAX@Z 00402ca0 f   TraceUI.obj
 0001:00001ce0       ?cb_exit@TraceUI@@CAXPAVFl_Menu_@@PAX@Z 00402ce0 f   TraceUI.obj
 0001:00001d10       ?cb_about@TraceUI@@CAXPAVFl_Menu_@@PAX@Z 00402d10 f   TraceUI.obj
 0001:00001d20       ??0TraceUI@@QAE@XZ         00402d20 f   TraceUI.obj
 0001:00002070       ?cb_depthSlides@TraceUI@@CAXPAVFl_Widget@@PAX@Z 00403070 f   TraceUI.obj
 0001:00002090       ?cb_exit2@TraceUI@@CAXPAVFl_Widget@@PAX@Z 00403090 f   TraceUI.obj
 0001:000020c0       ?cb_render@TraceUI@@CAXPAVFl_Widget@@PAX@Z 004030c0 f   TraceUI.obj
 0001:000022d0       ?cb_sizeSlides@TraceUI@@CAXPAVFl_Widget@@PAX@Z 004032d0 f   TraceUI.obj
 0001:00002320       ?cb_stop@TraceUI@@CAXPAVFl_Widget@@PAX@Z 00403320 f   TraceUI.obj
 0001:00002330       ?getDepth@TraceUI@@QAEHXZ  00403330 f   TraceUI.obj
 0001:00002340       ?getSize@TraceUI@@QAEHXZ   00403340 f   TraceUI.obj
 0001:00002350       ?setRayTracer@TraceUI@@QAEXPAVRayTracer@@@Z 00403350 f   TraceUI.obj
 0001:00002370       ?show@TraceUI@@QAEXXZ      00403370 f   TraceUI.obj
 0001:00002380       ?whoami@TraceUI@@CAPAV1@PAVFl_Menu_@@@Z 00403380 f   TraceUI.obj
 0001:00002390       _sprintf                   00403390 f i TraceUI.obj
 0001:000023d0       ?readBMP@@YAPAEPADAAH1@Z   004033d0 f   bitmap.obj
 0001:00002560       ?writeBMP@@YAXPADHHPAE@Z   00403560 f   bitmap.obj
 0001:000026f0       ??$?6DU?$char_traits@D@std@@V?$allocator@D@1@@std@@YAAAV?$basic_ostream@DU?$char_traits@D@std@@@0@AAV10@ABV?$basic_string@DU?$char_traits@D@std@@V?$allocator@D@2@@0@@Z 004036f0 f i parse.obj
 0001:00002720       ??$?6U?$char_traits@D@std@@@std@@YAAAV?$basic_ostream@DU?$char_traits@D@std@@@0@AAV10@D@Z 00403720 f i parse.obj
 0001:000028f0       ??$?6U?$char_traits@D@std@@@std@@YAAAV?$basic_ostream@DU?$char_traits@D@std@@@0@AAV10@PBD@Z 004038f0 f i parse.obj
 0001:00002ae0       ??$?8DU?$char_traits@D@std@@V?$allocator@D@1@@std@@YA_NABV?$basic_string@DU?$char_traits@D@std@@V?$allocator@D@2@@0@QBD@Z 00403ae0 f i parse.obj
 0001:00002b70       ??$?MDU?$char_traits@D@std@@V?$allocator@D@1@@std@@YA_NABV?$basic_string@DU?$char_traits@D@std@@V?$allocator@D@2@@0@0@Z 00403b70 f i parse.obj
 0001:00002bb0       ??$_Copy_memmove@PAPAVObj@@PAPAV1@@std@@YAPAPAVObj@@PAPAV1@00@Z 00403bb0 f i parse.obj
 0001:00002be0       ??$_Copy_nodes@U_Copy_tag@?$_Tree@V?$_Tmap_traits@V?$basic_string@DU?$char_traits@D@std@@V?$allocator@D@2@@std@@PAVObj@@U?$less@V?$basic_string@DU?$char_traits@D@std@@V?$allocator@D@2@@std@@@2@V?$allocator@U?$pair@$$CBV?$basic_string@DU?$char_traits@D@std@@V?$allocator@D@2@@std@@PAVObj@@@std@@@2@$0A@@std@@@std@@@?$_Tree@V?$_Tmap_traits@V?$basic_string@DU?$char_traits@D@std@@V?$allocator@D@2@@std@@PAVObj@@U?$less@V?$basic_string@DU?$char_traits@D@std@@V?$allocator@D@2@@std@@@2@V?$allocator@U?$pair@$$CBV?$basic_string@DU?$char_traits@D@std@@V?$allocator@D@2@@std@@PAVObj@@@std@@@2@$0A@@std@@@std@@IAEPAU?$_Tree_node@U?$pair@$$CBV?$basic_string@DU?$char_traits@D@std@@V?$allocator@D@2@@std@@PAVObj@@@std@@PAX@1@PAU21@0U_Copy_tag@01@@Z 00403be0 f i parse.obj
 0001:00002ce0       ??$_Emplace_reallocate@PAVObj@@@?$vector@PAVObj@@V?$allocator@PAVObj@@@std@@@std@@QAEPAPAVObj@@QAPAV2@$$QAPAV2@@Z 00403ce0 f i parse.obj
 0001:00002df0       ??$_Erase_tree@V?$allocator@U?$_Tree_node@U?$pair@$$CBV?$basic_string@DU?$char_traits@D@std@@V?$allocator@D@2@@std@@PAVObj@@@std@@PAX@std@@@std@@@?$_Tree_val@U?$_Tree_simple_types@U?$pair@$$CBV?$basic_string@DU?$char_traits@D@std@@V?$allocator@D@2@@std@@PAVObj@@@std@@@std@@@std@@QAEXAAV?$allocator@U?$_Tree_node@U?$pair@$$CBV?$basic_string@DU?$char_traits@D@std@@V?$allocator@D@2@@std@@PAVObj@@@std@@PAX@std@@@1@PAU?$_Tree_node@U?$pair@$$CBV?$basic_string@DU?$char_traits@D@std@@V?$allocator@D@2@@std@@PAVObj@@@std@@PAX@1@@Z 00403df0 f i parse.obj
 0001:00002e80       ??$_Erase_tree_and_orphan@V?$allocator@U?$_Tree_node@U?$pair@$$CBV?$basic_string@DU?$char_traits@D@std@@V?$allocator@D@2@@std@@PAVObj@@@std@@PAX@std@@@std@@@?$_Tree_val@U?$_Tree_simple_types@U?$pair@$$CBV?$basic_string@DU?$char_traits@D@std@@V?$allocator@D@2@@std@@PAVObj@@@std@@@std@@@std@@QAEXAAV?$allocator@U?$_Tree_node@U?$pair@$$CBV?$basic_string@DU?$char_traits@D@std@@V?$allocator@D@2@@std@@PAVObj@@@std@@PAX@std@@@1@PAU?$_Tree_node@U?$pair@$$CBV?$basic_string@DU?$char_traits@D@std@@V?$allocator@D@2@@std@@PAVObj@@@std@@PAX@1@@Z 00403e80 f i parse.obj
 0001:00002f10       ??$_Insert_string@DU?$char_traits@D@std@@I@std@@YAAAV?$basic_ostream@DU?$char_traits@D@std@@@0@AAV10@QBDI@Z 00403f10 f i parse.obj
 0001:000030c0       ??$_Traits_compare@U?$char_traits@D@std@@@std@@YAHQBDI0I@Z 004040c0 f i parse.obj
 0001:00003150       ??0?$basic_string@DU?$char_traits@D@std@@V?$allocator@D@2@@std@@QAE@ABV01@@Z 00404150 f i parse.obj
 0001:000031e0       ??0?$basic_string@DU?$char_traits@D@std@@V?$allocator@D@2@@std@@QAE@QBD@Z 004041e0 f i parse.obj
 0001:00003220       ??0?$basic_string@DU?$char_traits@D@std@@V?$allocator@D@2@@std@@QAE@U_String_constructor_concat_tag@1@AAV01@1@Z 00404220 f i parse.obj
 0001:000033b0       ??0Exception@@QAE@ABV0@@Z  004043b0 f i parse.obj
 0001:000033d0       ??0IdObj@@QAE@ABV?$basic_string@DU?$char_traits@D@std@@V?$allocator@D@2@@std@@@Z 004043d0 f i parse.obj
 0001:00003430       ??0ObjTypeMismatch@@QAE@ABV0@@Z 00404430 f i parse.obj
 0001:00003450       ??0ObjTypeMismatch@@QAE@V?$basic_string@DU?$char_traits@D@std@@V?$allocator@D@2@@std@@0@Z 00404450 f i parse.obj
 0001:00003850       ??0ParseError@@QAE@ABV0@@Z 00404850 f i parse.obj
 0001:00003870       ??0ParseError@@QAE@ABV?$basic_string@DU?$char_traits@D@std@@V?$allocator@D@2@@std@@@Z 00404870 f i parse.obj
 0001:00003890       ??0sentry@?$basic_ostream@DU?$char_traits@D@std@@@std@@QAE@AAV12@@Z 00404890 f i parse.obj
 0001:00003930       ??1?$_Alloc_construct_ptr@V?$allocator@U?$_Tree_node@U?$pair@$$CBV?$basic_string@DU?$char_traits@D@std@@V?$allocator@D@2@@std@@PAVObj@@@std@@PAX@std@@@std@@@std@@QAE@XZ 00404930 f i parse.obj
 0001:00003950       ??1?$_Tree_head_scoped_ptr@V?$allocator@U?$_Tree_node@U?$pair@$$CBV?$basic_string@DU?$char_traits@D@std@@V?$allocator@D@2@@std@@PAVObj@@@std@@PAX@std@@@std@@V?$_Tree_val@U?$_Tree_simple_types@U?$pair@$$CBV?$basic_string@DU?$char_traits@D@std@@V?$allocator@D@2@@std@@PAVObj@@@std@@@std@@@2@@std@@QAE@XZ 00404950 f i parse.obj
 0001:00003980       ??1?$_Tree_temp_node_alloc@V?$allocator@U?$_Tree_node@U?$pair@$$CBV?$basic_string@DU?$char_traits@D@std@@V?$allocator@D@2@@std@@PAVObj@@@std@@PAX@std@@@std@@@std@@QAE@XZ 00404980 f i parse.obj
 0001:000039a0       ??1?$map@V?$basic_string@DU?$char_traits@D@std@@V?$allocator@D@2@@std@@PAVObj@@U?$less@V?$basic_string@DU?$char_traits@D@std@@V?$allocator@D@2@@std@@@2@V?$allocator@U?$pair@$$CBV?$basic_string@DU?$char_traits@D@std@@V?$allocator@D@2@@std@@PAVObj@@@std@@@2@@std@@QAE@XZ 004049a0 f i parse.obj
 0001:000039c0       ??1?$vector@PAVObj@@V?$allocator@PAVObj@@@std@@@std@@QAE@XZ 004049c0 f i parse.obj
 0001:00003a20       ??1BooleanObj@@UAE@XZ      00404a20 f i parse.obj
 0001:00003a30       ??1DictObj@@UAE@XZ         00404a30 f i parse.obj
 0001:00003aa0       ??1IdObj@@UAE@XZ           00404aa0 f i parse.obj
 0001:00003b00       ??1NamedObj@@UAE@XZ        00404b00 f i parse.obj
 0001:00003b70       ??1Obj@@UAE@XZ             00404b70 f i parse.obj
 0001:00003b80       ??1ObjTypeMismatch@@QAE@XZ 00404b80 f i parse.obj
 0001:00003bd0       ??1ScalarObj@@UAE@XZ       00404bd0 f i parse.obj
 0001:00003be0       ??1StringObj@@UAE@XZ       00404be0 f i parse.obj
 0001:00003c40       ??1TupleObj@@UAE@XZ        00404c40 f i parse.obj
 0001:00003cc0       ??1_Sentry_base@?$basic_ostream@DU?$char_traits@D@std@@@std@@QAE@XZ 00404cc0 f i parse.obj
 0001:00003d10       ??1sentry@?$basic_ostream@DU?$char_traits@D@std@@@std@@QAE@XZ 00404d10 f i parse.obj
 0001:00003d80       ??E?$_Tree_const_iterator@V?$_Tree_val@U?$_Tree_simple_types@U?$pair@$$CBV?$basic_string@DU?$char_traits@D@std@@V?$allocator@D@2@@std@@PAVObj@@@std@@@std@@@std@@@std@@QAEAAV01@XZ 00404d80 f i parse.obj
 0001:00003de0       ??_GBooleanObj@@UAEPAXI@Z  00404de0 f i parse.obj
 0001:00003de0       ??_EBooleanObj@@UAEPAXI@Z  00404de0 f i parse.obj
 0001:00003e10       ??_GDictObj@@UAEPAXI@Z     00404e10 f i parse.obj
 0001:00003e10       ??_EDictObj@@UAEPAXI@Z     00404e10 f i parse.obj
 0001:00003e90       ??_GIdObj@@UAEPAXI@Z       00404e90 f i parse.obj
 0001:00003e90       ??_EIdObj@@UAEPAXI@Z       00404e90 f i parse.obj
 0001:00003f10       ??_ENamedObj@@UAEPAXI@Z    00404f10 f i parse.obj
 0001:00003f10       ??_GNamedObj@@UAEPAXI@Z    00404f10 f i parse.obj
 0001:00003f90       ??_EObj@@UAEPAXI@Z         00404f90 f i parse.obj
 0001:00003f90       ??_GObj@@UAEPAXI@Z         00404f90 f i parse.obj
 0001:00003fc0       ??_EScalarObj@@UAEPAXI@Z   00404fc0 f i parse.obj
 0001:00003fc0       ??_GScalarObj@@UAEPAXI@Z   00404fc0 f i parse.obj
 0001:00003ff0       ??_GStringObj@@UAEPAXI@Z   00404ff0 f i parse.obj
 0001:00003ff0       ??_EStringObj@@UAEPAXI@Z   00404ff0 f i parse.obj
 0001:00004070       ??_ETupleObj@@UAEPAXI@Z    00405070 f i parse.obj
 0001:00004070       ??_GTupleObj@@UAEPAXI@Z    00405070 f i parse.obj
 0001:00004110       ?_Getal@?$_Tree@V?$_Tmap_traits@V?$basic_string@DU?$char_traits@D@std@@V?$allocator@D@2@@std@@PAVObj@@U?$less@V?$basic_string@DU?$char_traits@D@std@@V?$allocator@D@2@@std@@@2@V?$allocator@U?$pair@$$CBV?$basic_string@DU?$char_traits@D@std@@V?$allocator@D@2@@std@@PAVObj@@@std@@@2@$0A@@std@@@std@@IAEAAV?$allocator@U?$_Tree_node@U?$pair@$$CBV?$basic_string@DU?$char_traits@D@std@@V?$allocator@D@2@@std@@PAVObj@@@std@@PAX@std@@@2@XZ 00405110 f i parse.obj
 0001:00004120       ?_Insert_node@?$_Tree_val@U?$_Tree_simple_types@U?$pair@$$CBV?$basic_string@DU?$char_traits@D@std@@V?$allocator@D@2@@std@@PAVObj@@@std@@@std@@@std@@QAEPAU?$_Tree_node@U?$pair@$$CBV?$basic_string@DU?$char_traits@D@std@@V?$allocator@D@2@@std@@PAVObj@@@std@@PAX@2@U?$_Tree_id@PAU?$_Tree_node@U?$pair@$$CBV?$basic_string@DU?$char_traits@D@std@@V?$allocator@D@2@@std@@PAVObj@@@std@@PAX@std@@@2@QAU32@@Z 00405120 f i parse.obj
 0001:00004330       ?_Throw_tree_length_error@std@@YAXXZ 00405330 f i parse.obj
 0001:00004340       ?_Xlength@?$vector@PAVObj@@V?$allocator@PAVObj@@@std@@@std@@CAXXZ 00405340 f i parse.obj
 0001:00004350       ?allocate@?$allocator@PAVObj@@@std@@QAEPAPAVObj@@I@Z 00405350 f i parse.obj
 0001:000043b0       ?append@?$basic_string@DU?$char_traits@D@std@@V?$allocator@D@2@@std@@QAEAAV12@QBDI@Z 004053b0 f i parse.obj
 0001:000046e0       ?getBoolean@BooleanObj@@UBE_NXZ 004056e0 f i parse.obj
 0001:000046f0       ?getBoolean@Obj@@UBE_NXZ   004056f0 f i parse.obj
 0001:00004760       ?getChild@NamedObj@@UBEPAVObj@@XZ 00405760 f i parse.obj
 0001:00004770       ?getChild@Obj@@UBEPAV1@XZ  00405770 f i parse.obj
 0001:000047e0       ?getDict@DictObj@@UBEABV?$map@V?$basic_string@DU?$char_traits@D@std@@V?$allocator@D@2@@std@@PAVObj@@U?$less@V?$basic_string@DU?$char_traits@D@std@@V?$allocator@D@2@@std@@@2@V?$allocator@U?$pair@$$CBV?$basic_string@DU?$char_traits@D@std@@V?$allocator@D@2@@std@@PAVObj@@@std@@@2@@std@@XZ 004057e0 f i parse.obj
 0001:000047f0       ?getDict@Obj@@UBEABV?$map@V?$basic_string@DU?$char_traits@D@std@@V?$allocator@D@2@@std@@PAVObj@@U?$less@V?$basic_string@DU?$char_traits@D@std@@V?$allocator@D@2@@std@@@2@V?$allocator@U?$pair@$$CBV?$basic_string@DU?$char_traits@D@std@@V?$allocator@D@2@@std@@PAVObj@@@std@@@2@@std@@XZ 004057f0 f i parse.obj
 0001:00004860       ?getID@IdObj@@UBE?AV?$basic_string@DU?$char_traits@D@std@@V?$allocator@D@2@@std@@XZ 00405860 f i parse.obj
 0001:00004880       ?getID@Obj@@UBE?AV?$basic_string@DU?$char_traits@D@std@@V?$allocator@D@2@@std@@XZ 00405880 f i parse.obj
 0001:000048f0       ?getName@NamedObj@@UBE?AV?$basic_string@DU?$char_traits@D@std@@V?$allocator@D@2@@std@@XZ 004058f0 f i parse.obj
 0001:00004910       ?getName@Obj@@UBE?AV?$basic_string@DU?$char_traits@D@std@@V?$allocator@D@2@@std@@XZ 00405910 f i parse.obj
 0001:00004980       ?getScalar@Obj@@UBENXZ     00405980 f i parse.obj
 0001:000049f0       ?getScalar@ScalarObj@@UBENXZ 004059f0 f i parse.obj
 0001:00004a00       ?getString@Obj@@UBE?AV?$basic_string@DU?$char_traits@D@std@@V?$allocator@D@2@@std@@XZ 00405a00 f i parse.obj
 0001:00004a70       ?getString@StringObj@@UBE?AV?$basic_string@DU?$char_traits@D@std@@V?$allocator@D@2@@std@@XZ 00405a70 f i parse.obj
 0001:00004a90       ?getTuple@Obj@@UBEABV?$vector@PAVObj@@V?$allocator@PAVObj@@@std@@@std@@XZ 00405a90 f i parse.obj
 0001:00004b00       ?getTuple@TupleObj@@UBEABV?$vector@PAVObj@@V?$allocator@PAVObj@@@std@@@std@@XZ 00405b00 f i parse.obj
 0001:00004b10       ?getTypeName@BooleanObj@@UBE?AV?$basic_string@DU?$char_traits@D@std@@V?$allocator@D@2@@std@@XZ 00405b10 f i parse.obj
 0001:00004b50       ?getTypeName@DictObj@@UBE?AV?$basic_string@DU?$char_traits@D@std@@V?$allocator@D@2@@std@@XZ 00405b50 f i parse.obj
 0001:00004b90       ?getTypeName@IdObj@@UBE?AV?$basic_string@DU?$char_traits@D@std@@V?$allocator@D@2@@std@@XZ 00405b90 f i parse.obj
 0001:00004bd0       ?getTypeName@NamedObj@@UBE?AV?$basic_string@DU?$char_traits@D@std@@V?$allocator@D@2@@std@@XZ 00405bd0 f i parse.obj
 0001:00004c10       ?getTypeName@Obj@@UBE?AV?$basic_string@DU?$char_traits@D@std@@V?$allocator@D@2@@std@@XZ 00405c10 f i parse.obj
 0001:00004c50       ?getTypeName@ScalarObj@@UBE?AV?$basic_string@DU?$char_traits@D@std@@V?$allocator@D@2@@std@@XZ 00405c50 f i parse.obj
 0001:00004c90       ?getTypeName@StringObj@@UBE?AV?$basic_string@DU?$char_traits@D@std@@V?$allocator@D@2@@std@@XZ 00405c90 f i parse.obj
 0001:00004cd0       ?getTypeName@TupleObj@@UBE?AV?$basic_string@DU?$char_traits@D@std@@V?$allocator@D@2@@std@@XZ 00405cd0 f i parse.obj
 0001:00004d10       ?printOn@BooleanObj@@UBEXAAV?$basic_ostream@DU?$char_traits@D@std@@@std@@@Z 00405d10 f i parse.obj
 0001:00004d40       ?printOn@DictObj@@UBEXAAV?$basic_ostream@DU?$char_traits@D@std@@@std@@@Z 00405d40 f i parse.obj
 0001:00004e20       ?printOn@IdObj@@UBEXAAV?$basic_ostream@DU?$char_traits@D@std@@@std@@@Z 00405e20 f i parse.obj
 0001:00004e50       ?printOn@NamedObj@@UBEXAAV?$basic_ostream@DU?$char_traits@D@std@@@std@@@Z 00405e50 f i parse.obj
 0001:00004e90       ?printOn@Obj@@UBEXAAV?$basic_ostream@DU?$char_traits@D@std@@@std@@@Z 00405e90 f i parse.obj
 0001:00004ea0       ?printOn@ScalarObj@@UBEXAAV?$basic_ostream@DU?$char_traits@D@std@@@std@@@Z 00405ea0 f i parse.obj
 0001:00004ec0       ?printOn@StringObj@@UBEXAAV?$basic_ostream@DU?$char_traits@D@std@@@std@@@Z 00405ec0 f i parse.obj
 0001:00004f00       ?printOn@TupleObj@@UBEXAAV?$basic_ostream@DU?$char_traits@D@std@@@std@@@Z 00405f00 f i parse.obj
 0001:00005410       ?readFile@@YAPAVObj@@AAV?$basic_istream@DU?$char_traits@D@std@@@std@@@Z 00406410 f   parse.obj
 0001:000060e0       ??$?HDU?$char_traits@D@std@@V?$allocator@D@1@@std@@YA?AV?$basic_string@DU?$char_traits@D@std@@V?$allocator@D@2@@0@$$QAV10@ABV10@@Z 004070e0 f i read.obj
 0001:00006140       ??$?HDU?$char_traits@D@std@@V?$allocator@D@1@@std@@YA?AV?$basic_string@DU?$char_traits@D@std@@V?$allocator@D@2@@0@$$QAV10@QBD@Z 00407140 f i read.obj
 0001:000061a0       ??$_Erase_tree@V?$allocator@U?$_Tree_node@U?$pair@$$CBV?$basic_string@DU?$char_traits@D@std@@V?$allocator@D@2@@std@@PAVMaterial@@@std@@PAX@std@@@std@@@?$_Tree_val@U?$_Tree_simple_types@U?$pair@$$CBV?$basic_string@DU?$char_traits@D@std@@V?$allocator@D@2@@std@@PAVMaterial@@@std@@@std@@@std@@QAEXAAV?$allocator@U?$_Tree_node@U?$pair@$$CBV?$basic_string@DU?$char_traits@D@std@@V?$allocator@D@2@@std@@PAVMaterial@@@std@@PAX@std@@@1@PAU?$_Tree_node@U?$pair@$$CBV?$basic_string@DU?$char_traits@D@std@@V?$allocator@D@2@@std@@PAVMaterial@@@std@@PAX@1@@Z 004071a0 f i read.obj
 0001:00006230       ??$_Find_lower_bound@V?$basic_string@DU?$char_traits@D@std@@V?$allocator@D@2@@std@@@?$_Tree@V?$_Tmap_traits@V?$basic_string@DU?$char_traits@D@std@@V?$allocator@D@2@@std@@PAVMaterial@@U?$less@V?$basic_string@DU?$char_traits@D@std@@V?$allocator@D@2@@std@@@2@V?$allocator@U?$pair@$$CBV?$basic_string@DU?$char_traits@D@std@@V?$allocator@D@2@@std@@PAVMaterial@@@std@@@2@$0A@@std@@@std@@IBE?AU?$_Tree_find_result@PAU?$_Tree_node@U?$pair@$$CBV?$basic_string@DU?$char_traits@D@std@@V?$allocator@D@2@@std@@PAVMaterial@@@std@@PAX@std@@@1@ABV?$basic_string@DU?$char_traits@D@std@@V?$allocator@D@2@@1@@Z 00407230 f i read.obj
 0001:000062c0       ??$_Fputc@D@std@@YA_NDPAU_iobuf@@@Z 004072c0 f i read.obj
 0001:000062e0       ??$endl@DU?$char_traits@D@std@@@std@@YAAAV?$basic_ostream@DU?$char_traits@D@std@@@0@AAV10@@Z 004072e0 f i read.obj
 0001:00006310       ??$ends@DU?$char_traits@D@std@@@std@@YAAAV?$basic_ostream@DU?$char_traits@D@std@@@0@AAV10@@Z 00407310 f i read.obj
 0001:00006330       ??$use_facet@V?$codecvt@DDU_Mbstatet@@@std@@@std@@YAABV?$codecvt@DDU_Mbstatet@@@0@ABVlocale@0@@Z 00407330 f i read.obj
 0001:00006420       ??0?$basic_ifstream@DU?$char_traits@D@std@@@std@@QAE@PBDHH@Z 00407420 f i read.obj
 0001:00006610       ??0?$fpos@U_Mbstatet@@@std@@QAE@_J@Z 00407610 f i read.obj
 0001:00006640       ??0Scene@@QAE@XZ           00407640 f i read.obj
 0001:00006800       ??0TransformNode@@IAE@PAV0@ABVmat4f@@@Z 00407800 f i read.obj
 0001:00006c90       ??0bad_cast@std@@QAE@ABV01@@Z 00407c90 f i read.obj
 0001:00006cd0       ??0bad_cast@std@@QAE@XZ    00407cd0 f i read.obj
 0001:00006cf0       ??0mat4f@@QAE@ABVvec4f@@000@Z 00407cf0 f i read.obj
 0001:00006dc0       ??0ostrstream@std@@QAE@XZ  00407dc0 f i read.obj
 0001:00006eb0       ??0vec4f@@QAE@XZ           00407eb0 f i read.obj
 0001:00006ec0       ??1?$_Alloc_construct_ptr@V?$allocator@U?$_List_node@PAVGeometry@@PAX@std@@@std@@@std@@QAE@XZ 00407ec0 f i read.obj
 0001:00006ee0       ??1?$_Alloc_construct_ptr@V?$allocator@U?$_List_node@PAVLight@@PAX@std@@@std@@@std@@QAE@XZ 00407ee0 f i read.obj
 0001:00006f00       ??1?$_Alloc_construct_ptr@V?$allocator@U?$_List_node@PAVTransformNode@@PAX@std@@@std@@@std@@QAE@XZ 00407f00 f i read.obj
 0001:00006f20       ??1?$_Alloc_construct_ptr@V?$allocator@U?$_Tree_node@U?$pair@$$CBV?$basic_string@DU?$char_traits@D@std@@V?$allocator@D@2@@std@@PAVMaterial@@@std@@PAX@std@@@std@@@std@@QAE@XZ 00407f20 f i read.obj
 0001:00006f40       ??1?$_Tree_temp_node_alloc@V?$allocator@U?$_Tree_node@U?$pair@$$CBV?$basic_string@DU?$char_traits@D@std@@V?$allocator@D@2@@std@@PAVMaterial@@@std@@PAX@std@@@std@@@std@@QAE@XZ 00407f40 f i read.obj
 0001:00006f60       ??1?$basic_filebuf@DU?$char_traits@D@std@@@std@@UAE@XZ 00407f60 f i read.obj
 0001:00007020       ??1?$basic_ifstream@DU?$char_traits@D@std@@@std@@UAE@XZ 00408020 f i read.obj
 0001:00007050       ??1?$list@PAVGeometry@@V?$allocator@PAVGeometry@@@std@@@std@@QAE@XZ 00408050 f i read.obj
 0001:00007090       ??1?$list@PAVLight@@V?$allocator@PAVLight@@@std@@@std@@QAE@XZ 00408090 f i read.obj
 0001:000070d0       ??1?$list@PAVTransformNode@@V?$allocator@PAVTransformNode@@@std@@@std@@QAE@XZ 004080d0 f i read.obj
 0001:00007110       ??1?$map@V?$basic_string@DU?$char_traits@D@std@@V?$allocator@D@2@@std@@PAVMaterial@@U?$less@V?$basic_string@DU?$char_traits@D@std@@V?$allocator@D@2@@std@@@2@V?$allocator@U?$pair@$$CBV?$basic_string@DU?$char_traits@D@std@@V?$allocator@D@2@@std@@PAVMaterial@@@std@@@2@@std@@QAE@XZ 00408110 f i read.obj
 0001:00007130       ??1?$unique_ptr@V_Facet_base@std@@U?$default_delete@V_Facet_base@std@@@2@@std@@QAE@XZ 00408130 f i read.obj
 0001:00007140       ??1Geometry@@UAE@XZ        00408140 f i read.obj
 0001:000071a0       ??1Light@@UAE@XZ           004081a0 f i read.obj
 0001:000071b0       ??1MaterialSceneObject@@UAE@XZ 004081b0 f i read.obj
 0001:000071e0       ??1SceneElement@@UAE@XZ    004081e0 f i read.obj
 0001:000071f0       ??1TransformNode@@QAE@XZ   004081f0 f i read.obj
 0001:00007270       ??1TransformRoot@@QAE@XZ   00408270 f i read.obj
 0001:00007280       ??1bad_cast@std@@UAE@XZ    00408280 f i read.obj
 0001:000072a0       ??1locale@std@@QAE@XZ      004082a0 f i read.obj
 0001:000072c0       ??1ostrstream@std@@UAE@XZ  004082c0 f i read.obj
 0001:00007370       ??1strstreambuf@std@@UAE@XZ 00408370 f i read.obj
 0001:000073f0       ??4?$basic_string@DU?$char_traits@D@std@@V?$allocator@D@2@@std@@QAEAAV01@$$QAV01@@Z 004083f0 f i read.obj
 0001:00007470       ??6@YAAAV?$basic_ostream@DU?$char_traits@D@std@@@std@@AAV01@ABVException@@@Z 00408470 f i read.obj
 0001:00007520       ??D@YA?AVmat4f@@ABV0@0@Z   00408520 f i read.obj
 0001:000079b0       ??_D?$basic_ifstream@DU?$char_traits@D@std@@@std@@QAEXXZ 004089b0 f i read.obj
 0001:000079f0       ??_Dostrstream@std@@QAEXXZ 004089f0 f i read.obj
 0001:00007a9d       ??_E?$basic_ifstream@DU?$char_traits@D@std@@@std@@$4PPPPPPPM@A@AEPAXI@Z 00408a9d f i read.obj
 0001:00007aa5       ??_Eostrstream@std@@$4PPPPPPPM@A@AEPAXI@Z 00408aa5 f i read.obj
 0001:00007ab0       ??_G?$basic_filebuf@DU?$char_traits@D@std@@@std@@UAEPAXI@Z 00408ab0 f i read.obj
 0001:00007ab0       ??_E?$basic_filebuf@DU?$char_traits@D@std@@@std@@UAEPAXI@Z 00408ab0 f i read.obj
 0001:00007ae0       ??_G?$basic_ifstream@DU?$char_traits@D@std@@@std@@UAEPAXI@Z 00408ae0 f i read.obj
 0001:00007ae0       ??_E?$basic_ifstream@DU?$char_traits@D@std@@@std@@UAEPAXI@Z 00408ae0 f i read.obj
 0001:00007b40       ??_EBox@@UAEPAXI@Z         00408b40 f i read.obj
 0001:00007b40       ??_GBox@@UAEPAXI@Z         00408b40 f i read.obj
 0001:00007b90       ??_GCone@@UAEPAXI@Z        00408b90 f i read.obj
 0001:00007b90       ??_ECone@@UAEPAXI@Z        00408b90 f i read.obj
 0001:00007be0       ??_GCylinder@@UAEPAXI@Z    00408be0 f i read.obj
 0001:00007be0       ??_ECylinder@@UAEPAXI@Z    00408be0 f i read.obj
 0001:00007c20       ??_EDirectionalLight@@UAEPAXI@Z 00408c20 f i read.obj
 0001:00007c20       ??_GDirectionalLight@@UAEPAXI@Z 00408c20 f i read.obj
 0001:00007c50       ??_EGeometry@@UAEPAXI@Z    00408c50 f i read.obj
 0001:00007c50       ??_GGeometry@@UAEPAXI@Z    00408c50 f i read.obj
 0001:00007c80       ??_GLight@@UAEPAXI@Z       00408c80 f i read.obj
 0001:00007c80       ??_ELight@@UAEPAXI@Z       00408c80 f i read.obj
 0001:00007cb0       ??_GMaterialSceneObject@@UAEPAXI@Z 00408cb0 f i read.obj
 0001:00007cb0       ??_EMaterialSceneObject@@UAEPAXI@Z 00408cb0 f i read.obj
 0001:00007cf0       ??_EPointLight@@UAEPAXI@Z  00408cf0 f i read.obj
 0001:00007cf0       ??_GPointLight@@UAEPAXI@Z  00408cf0 f i read.obj
 0001:00007d20       ??_EScene@@UAEPAXI@Z       00408d20 f i read.obj
 0001:00007d20       ??_GScene@@UAEPAXI@Z       00408d20 f i read.obj
 0001:00007d50       ??_ESceneElement@@UAEPAXI@Z 00408d50 f i read.obj
 0001:00007d50       ??_GSceneElement@@UAEPAXI@Z 00408d50 f i read.obj
 0001:00007d80       ??_GSceneObject@@UAEPAXI@Z 00408d80 f i read.obj
 0001:00007d80       ??_ESceneObject@@UAEPAXI@Z 00408d80 f i read.obj
 0001:00007db0       ??_GSphere@@UAEPAXI@Z      00408db0 f i read.obj
 0001:00007db0       ??_ESphere@@UAEPAXI@Z      00408db0 f i read.obj
 0001:00007df0       ??_ESquare@@UAEPAXI@Z      00408df0 f i read.obj
 0001:00007df0       ??_GSquare@@UAEPAXI@Z      00408df0 f i read.obj
 0001:00007e30       ??_ETrimesh@@UAEPAXI@Z     00408e30 f i read.obj
 0001:00007e30       ??_GTrimesh@@UAEPAXI@Z     00408e30 f i read.obj
 0001:00007e60       ??_Ebad_cast@std@@UAEPAXI@Z 00408e60 f i read.obj
 0001:00007e60       ??_Gbad_cast@std@@UAEPAXI@Z 00408e60 f i read.obj
 0001:00007e90       ??_Gostrstream@std@@UAEPAXI@Z 00408e90 f i read.obj
 0001:00007e90       ??_Eostrstream@std@@UAEPAXI@Z 00408e90 f i read.obj
 0001:00007ec0       ??_Gstrstreambuf@std@@UAEPAXI@Z 00408ec0 f i read.obj
 0001:00007ec0       ??_Estrstreambuf@std@@UAEPAXI@Z 00408ec0 f i read.obj
 0001:00007f60       ?ComputeBoundingBox@Geometry@@UAEXXZ 00408f60 f i read.obj
 0001:000084b0       ?ComputeLocalBoundingBox@Box@@UAE?AVBoundingBox@@XZ 004094b0 f i read.obj
 0001:000084e0       ?ComputeLocalBoundingBox@Cone@@UAE?AVBoundingBox@@XZ 004094e0 f i read.obj
 0001:00008540       ?ComputeLocalBoundingBox@Cylinder@@UAE?AVBoundingBox@@XZ 00409540 f i read.obj
 0001:00008570       ?ComputeLocalBoundingBox@Geometry@@UAE?AVBoundingBox@@XZ 00409570 f i read.obj
 0001:000085b0       ?ComputeLocalBoundingBox@Sphere@@UAE?AVBoundingBox@@XZ 004095b0 f i read.obj
 0001:000085e0       ?ComputeLocalBoundingBox@Square@@UAE?AVBoundingBox@@XZ 004095e0 f i read.obj
 0001:00008620       ?_Endwrite@?$basic_filebuf@DU?$char_traits@D@std@@@std@@IAE_NXZ 00409620 f i read.obj
 0001:000086f0       ?_Free@strstreambuf@std@@ABEXPAD@Z 004096f0 f i read.obj
 0001:00008720       ?_Insert_node@?$_Tree_val@U?$_Tree_simple_types@U?$pair@$$CBV?$basic_string@DU?$char_traits@D@std@@V?$allocator@D@2@@std@@PAVMaterial@@@std@@@std@@@std@@QAEPAU?$_Tree_node@U?$pair@$$CBV?$basic_string@DU?$char_traits@D@std@@V?$allocator@D@2@@std@@PAVMaterial@@@std@@PAX@2@U?$_Tree_id@PAU?$_Tree_node@U?$pair@$$CBV?$basic_string@DU?$char_traits@D@std@@V?$allocator@D@2@@std@@PAVMaterial@@@std@@PAX@std@@@2@QAU32@@Z 00409720 f i read.obj
 0001:00008930       ?_Lock@?$basic_filebuf@DU?$char_traits@D@std@@@std@@UAEXXZ 00409930 f i read.obj
 0001:00008940       ?_Reset_back@?$basic_filebuf@DU?$char_traits@D@std@@@std@@AAEXXZ 00409940 f i read.obj
 0001:00008970       ?_Throw_bad_cast@std@@YAXXZ 00409970 f i read.obj
 0001:00008990       ?_Unlock@?$basic_filebuf@DU?$char_traits@D@std@@@std@@UAEXXZ 00409990 f i read.obj
 0001:000089a0       ?add@Scene@@QAEXPAVGeometry@@@Z 004099a0 f i read.obj
 0001:00008a40       ?add@Scene@@QAEXPAVLight@@@Z 00409a40 f i read.obj
 0001:00008ad0       ?createChild@TransformNode@@QAEPAV1@ABVmat4f@@@Z 00409ad0 f i read.obj
 0001:00008ba0       ?find@?$_Tree@V?$_Tmap_traits@V?$basic_string@DU?$char_traits@D@std@@V?$allocator@D@2@@std@@PAVMaterial@@U?$less@V?$basic_string@DU?$char_traits@D@std@@V?$allocator@D@2@@std@@@2@V?$allocator@U?$pair@$$CBV?$basic_string@DU?$char_traits@D@std@@V?$allocator@D@2@@std@@PAVMaterial@@@std@@@2@$0A@@std@@@std@@QBE?AV?$_Tree_const_iterator@V?$_Tree_val@U?$_Tree_simple_types@U?$pair@$$CBV?$basic_string@DU?$char_traits@D@std@@V?$allocator@D@2@@std@@PAVMaterial@@@std@@@std@@@std@@@2@ABV?$basic_string@DU?$char_traits@D@std@@V?$allocator@D@2@@2@@Z 00409ba0 f i read.obj
 0001:00008c10       ?find@?$_Tree@V?$_Tmap_traits@V?$basic_string@DU?$char_traits@D@std@@V?$allocator@D@2@@std@@PAVObj@@U?$less@V?$basic_string@DU?$char_traits@D@std@@V?$allocator@D@2@@std@@@2@V?$allocator@U?$pair@$$CBV?$basic_string@DU?$char_traits@D@std@@V?$allocator@D@2@@std@@PAVObj@@@std@@@2@$0A@@std@@@std@@QBE?AV?$_Tree_const_iterator@V?$_Tree_val@U?$_Tree_simple_types@U?$pair@$$CBV?$basic_string@DU?$char_traits@D@std@@V?$allocator@D@2@@std@@PAVObj@@@std@@@std@@@std@@@2@ABV?$basic_string@DU?$char_traits@D@std@@V?$allocator@D@2@@2@@Z 00409c10 f i read.obj
 0001:00009070       ?getMaterial@MaterialSceneObject@@UBEABVMaterial@@XZ 0040a070 f i read.obj
 0001:00009080       ?hasBoundingBoxCapability@Box@@UBE_NXZ 0040a080 f i read.obj
 0001:00009090       ?hasBoundingBoxCapability@Cone@@UBE_NXZ 0040a090 f i read.obj
 0001:000090a0       ?hasBoundingBoxCapability@Cylinder@@UBE_NXZ 0040a0a0 f i read.obj
 0001:000090b0       ?hasBoundingBoxCapability@Sphere@@UBE_NXZ 0040a0b0 f i read.obj
 0001:000090c0       ?hasBoundingBoxCapability@Square@@UBE_NXZ 0040a0c0 f i read.obj
 0001:000090d0       ?imbue@?$basic_filebuf@DU?$char_traits@D@std@@@std@@MAEXABVlocale@2@@Z 0040a0d0 f i read.obj
 0001:000091d0       ?overflow@?$basic_filebuf@DU?$char_traits@D@std@@@std@@MAEHH@Z 0040a1d0 f i read.obj
 0001:00009350       ?overflow@strstreambuf@std@@MAEHH@Z 0040a350 f i read.obj
 0001:000094b0       ?pbackfail@?$basic_filebuf@DU?$char_traits@D@std@@@std@@MAEHH@Z 0040a4b0 f i read.obj
 0001:00009560       ?pbackfail@strstreambuf@std@@MAEHH@Z 0040a560 f i read.obj
 0001:0000d870       ?readScene@@YAPAVScene@@AAV?$basic_istream@DU?$char_traits@D@std@@@std@@@Z 0040e870 f   read.obj
 0001:0000daf0       ?readScene@@YAPAVScene@@ABV?$basic_string@DU?$char_traits@D@std@@V?$allocator@D@2@@std@@@Z 0040eaf0 f   read.obj
 0001:0000dcb0       ?seekoff@?$basic_filebuf@DU?$char_traits@D@std@@@std@@MAE?AV?$fpos@U_Mbstatet@@@2@_JHH@Z 0040ecb0 f i read.obj
 0001:0000dd90       ?seekoff@strstreambuf@std@@MAE?AV?$fpos@U_Mbstatet@@@2@_JHH@Z 0040ed90 f i read.obj
 0001:0000df40       ?seekpos@?$basic_filebuf@DU?$char_traits@D@std@@@std@@MAE?AV?$fpos@U_Mbstatet@@@2@V32@H@Z 0040ef40 f i read.obj
 0001:0000e010       ?seekpos@strstreambuf@std@@MAE?AV?$fpos@U_Mbstatet@@@2@V32@H@Z 0040f010 f i read.obj
 0001:0000e0e0       ?setMaterial@MaterialSceneObject@@UAEXPAVMaterial@@@Z 0040f0e0 f i read.obj
 0001:0000e0f0       ?setbuf@?$basic_filebuf@DU?$char_traits@D@std@@@std@@MAEPAV?$basic_streambuf@DU?$char_traits@D@std@@@2@PAD_J@Z 0040f0f0 f i read.obj
 0001:0000e1c0       ?size@?$vector@PAVObj@@V?$allocator@PAVObj@@@std@@@std@@QBEIXZ 0040f1c0 f i read.obj
 0001:0000e1d0       ?str@ostrstream@std@@QAEPADXZ 0040f1d0 f i read.obj
 0001:0000e210       ?sync@?$basic_filebuf@DU?$char_traits@D@std@@@std@@MAEHXZ 0040f210 f i read.obj
 0001:0000e2b0       ?uflow@?$basic_filebuf@DU?$char_traits@D@std@@@std@@MAEHXZ 0040f2b0 f i read.obj
 0001:0000e5e0       ?underflow@?$basic_filebuf@DU?$char_traits@D@std@@@std@@MAEHXZ 0040f5e0 f i read.obj
 0001:0000e620       ?underflow@strstreambuf@std@@MAEHXZ 0040f620 f i read.obj
 0001:0000e750       ?xsgetn@?$basic_filebuf@DU?$char_traits@D@std@@@std@@MAE_JPAD_J@Z 0040f750 f i read.obj
 0001:0000e880       ?xsputn@?$basic_filebuf@DU?$char_traits@D@std@@@std@@MAE_JPBD_J@Z 0040f880 f i read.obj
 0001:0000e960       ?inverse@mat3f@@QBE?AV1@XZ 0040f960 f   vecmath.obj
 0001:0000ed00       ?inverse@mat4f@@QBE?AV1@XZ 0040fd00 f   vecmath.obj
 0001:0000f180       ??0Camera@@QAE@XZ          00410180 f   camera.obj
 0001:0000f200       ?rayThrough@Camera@@QAEXNNAAVray@@@Z 00410200 f   camera.obj
 0001:0000f310       ?setAspectRatio@Camera@@QAEXN@Z 00410310 f   camera.obj
 0001:0000f4a0       ?setEye@Camera@@QAEXABVvec3f@@@Z 004104a0 f   camera.obj
 0001:0000f4d0       ?setFOV@Camera@@QAEXN@Z    004104d0 f   camera.obj
 0001:0000f680       ?setLook@Camera@@QAEXABVvec3f@@0@Z 00410680 f   camera.obj
 0001:0000f8f0       ?setLook@Camera@@QAEXNNNN@Z 004108f0 f   camera.obj
 0001:0000fbb0       ?update@Camera@@AAEXXZ     00410bb0 f   camera.obj
 0001:0000fd40       ?distanceAttenuation@DirectionalLight@@UBENABVvec3f@@@Z 00410d40 f   light.obj
 0001:0000fd50       ?distanceAttenuation@PointLight@@UBENABVvec3f@@@Z 00410d50 f   light.obj
 0001:0000fdf0       ?getColor@DirectionalLight@@UBE?AVvec3f@@ABV2@@Z 00410df0 f   light.obj
 0001:0000fe10       ?getColor@DirectionalLight@@UBE?AVvec3f@@XZ 00410e10 f   light.obj
 0001:0000fe30       ?getColor@PointLight@@UBE?AVvec3f@@ABV2@@Z 00410e30 f   light.obj
 0001:0000fe50       ?getColor@PointLight@@UBE?AVvec3f@@XZ 00410e50 f   light.obj
 0001:0000fe70       ?getDirection@DirectionalLight@@UBE?AVvec3f@@ABV2@@Z 00410e70 f   light.obj
 0001:0000fe90       ?getDirection@DirectionalLight@@UBE?AVvec3f@@XZ 00410e90 f   light.obj
 0001:0000fec0       ?getDirection@PointLight@@UBE?AVvec3f@@ABV2@@Z 00410ec0 f   light.obj
 0001:0000ff60       ?getDirection@PointLight@@UBE?AVvec3f@@XZ 00410f60 f   light.obj
 0001:0000ff80       ?shadowAttenuation@DirectionalLight@@UBE?AVvec3f@@ABV2@@Z 00410f80 f   light.obj
 0001:0000ffe0       ?shadowAttenuation@PointLight@@UBE?AVvec3f@@ABV2@@Z 00410fe0 f   light.obj
 0001:000103e0       ?shade@Material@@UBE?AVvec3f@@PAVScene@@ABVray@@ABVisect@@@Z 004113e0 f   material.obj
 0001:00010720       ?getMaterial@isect@@QBEABVMaterial@@XZ 00411720 f   ray.obj
 0001:00010730       ??1Scene@@UAE@XZ           00411730 f   scene.obj
 0001:000108c0       ??4BoundingBox@@QAEXABV0@@Z 004118c0 f   scene.obj
 0001:00010910       ?hasBoundingBoxCapability@Geometry@@UBE_NXZ 00411910 f   scene.obj
 0001:00010920       ?initScene@Scene@@QAEXXZ   00411920 f   scene.obj
 0001:00010b50       ?intersect@BoundingBox@@QBE_NABVray@@AAN1@Z 00411b50 f   scene.obj
 0001:00010c70       ?intersect@Geometry@@UBE_NABVray@@AAVisect@@@Z 00411c70 f   scene.obj
 0001:00010fd0       ?intersect@Scene@@QBE_NABVray@@AAVisect@@@Z 00411fd0 f   scene.obj
 0001:000115b0       ?intersectLocal@Geometry@@UBE_NABVray@@AAVisect@@@Z 004125b0 f   scene.obj
 0001:000115c0       ?intersects@BoundingBox@@QBE_NABV1@@Z 004125c0 f   scene.obj
 0001:00011650       ?intersects@BoundingBox@@QBE_NABVvec3f@@@Z 00412650 f   scene.obj
 0001:000116d0       ?intersectBody@Box@@UBE_NABVray@@AAVisect@@@Z 004126d0 f   Box.obj
 0001:00011920       ?intersectLocal@Box@@UBE_NABVray@@AAVisect@@@Z 00412920 f   Box.obj
 0001:00011940       ?intersectBody@Cone@@QBE_NABVray@@AAVisect@@@Z 00412940 f   Cone.obj
 0001:00011d10       ?intersectCaps@Cone@@QBE_NABVray@@AAVisect@@@Z 00412d10 f   Cone.obj
 0001:00011ea0       ?intersectLocal@Cone@@UBE_NABVray@@AAVisect@@@Z 00412ea0 f   Cone.obj
 0001:00012320       ?intersectBody@Cylinder@@QBE_NABVray@@AAVisect@@@Z 00413320 f   Cylinder.obj
 0001:00012620       ?intersectCaps@Cylinder@@QBE_NABVray@@AAVisect@@@Z 00413620 f   Cylinder.obj
 0001:00012740       ?intersectLocal@Cylinder@@UBE_NABVray@@AAVisect@@@Z 00413740 f   Cylinder.obj
 0001:00012b60       ?intersectLocal@Sphere@@UBE_NABVray@@AAVisect@@@Z 00413b60 f   Sphere.obj
 0001:00012d70       ?intersectLocal@Square@@UBE_NABVray@@AAVisect@@@Z 00413d70 f   Square.obj
 0001:00012e40       ??$_Copy_memmove@PAPAVMaterial@@PAPAV1@@std@@YAPAPAVMaterial@@PAPAV1@00@Z 00413e40 f i trimesh.obj
 0001:00012e70       ??$_Copy_memmove@PAPAVTrimeshFace@@PAPAV1@@std@@YAPAPAVTrimeshFace@@PAPAV1@00@Z 00413e70 f i trimesh.obj
 0001:00012ea0       ??$_Emplace_reallocate@ABQAVMaterial@@@?$vector@PAVMaterial@@V?$allocator@PAVMaterial@@@std@@@std@@QAEPAPAVMaterial@@QAPAV2@ABQAV2@@Z 00413ea0 f i trimesh.obj
 0001:00013000       ??$_Emplace_reallocate@ABQAVTrimeshFace@@@?$vector@PAVTrimeshFace@@V?$allocator@PAVTrimeshFace@@@std@@@std@@QAEPAPAVTrimeshFace@@QAPAV2@ABQAV2@@Z 00414000 f i trimesh.obj
 0001:00013160       ??$_Emplace_reallocate@ABVvec3f@@@?$vector@Vvec3f@@V?$allocator@Vvec3f@@@std@@@std@@QAEPAVvec3f@@QAV2@ABV2@@Z 00414160 f i trimesh.obj
 0001:00013270       ??$_Resize_reallocate@U_Value_init_tag@std@@@?$vector@Vvec3f@@V?$allocator@Vvec3f@@@std@@@std@@AAEXIABU_Value_init_tag@1@@Z 00414270 f i trimesh.obj
 0001:00013360       ??0Material@@QAE@ABV0@@Z   00414360 f i trimesh.obj
 0001:00013460       ??1?$vector@Vvec3f@@V?$allocator@Vvec3f@@@std@@@std@@QAE@XZ 00414460 f i trimesh.obj
 0001:000134d0       ??1Trimesh@@UAE@XZ         004144d0 f   trimesh.obj
 0001:000135f0       ??_GTrimeshFace@@UAEPAXI@Z 004145f0 f i trimesh.obj
 0001:000135f0       ??_ETrimeshFace@@UAEPAXI@Z 004145f0 f i trimesh.obj
 0001:00013630       ?ComputeLocalBoundingBox@TrimeshFace@@UAE?AVBoundingBox@@XZ 00414630 f i trimesh.obj
 0001:00013750       ?_Change_array@?$vector@Vvec3f@@V?$allocator@Vvec3f@@@std@@@std@@AAEXQAVvec3f@@II@Z 00414750 f i trimesh.obj
 0001:000137d0       ?_Umove@?$vector@Vvec3f@@V?$allocator@Vvec3f@@@std@@@std@@AAEPAVvec3f@@PAV3@00@Z 004147d0 f i trimesh.obj
 0001:00013830       ?_Umove_if_noexcept@?$vector@Vvec3f@@V?$allocator@Vvec3f@@@std@@@std@@AAEXPAVvec3f@@00@Z 00414830 f i trimesh.obj
 0001:00013880       ?_Xlength@?$vector@PAVMaterial@@V?$allocator@PAVMaterial@@@std@@@std@@CAXXZ 00414880 f i trimesh.obj
 0001:00013890       ?_Xlength@?$vector@PAVTrimeshFace@@V?$allocator@PAVTrimeshFace@@@std@@@std@@CAXXZ 00414890 f i trimesh.obj
 0001:000138a0       ?_Xlength@?$vector@Vvec3f@@V?$allocator@Vvec3f@@@std@@@std@@CAXXZ 004148a0 f i trimesh.obj
 0001:000138b0       ?addFace@Trimesh@@QAE_NHHH@Z 004148b0 f   trimesh.obj
 0001:00013a60       ?addMaterial@Trimesh@@QAEXPAVMaterial@@@Z 00414a60 f   trimesh.obj
 0001:00013a90       ?addNormal@Trimesh@@QAEXABVvec3f@@@Z 00414a90 f   trimesh.obj
 0001:00013ae0       ?addVertex@Trimesh@@QAEXABVvec3f@@@Z 00414ae0 f   trimesh.obj
 0001:00013b30       ?allocate@?$allocator@Vvec3f@@@std@@QAEPAVvec3f@@I@Z 00414b30 f i trimesh.obj
 0001:00013b90       ?doubleCheck@Trimesh@@QAEPADXZ 00414b90 f   trimesh.obj
 0001:00013c10       ?generateNormals@Trimesh@@QAEXXZ 00414c10 f   trimesh.obj
 0001:00013f10       ?hasBoundingBoxCapability@TrimeshFace@@UBE_NXZ 00414f10 f i trimesh.obj
 0001:00013f20       ?intersectLocal@TrimeshFace@@UBE_NABVray@@AAVisect@@@Z 00414f20 f   trimesh.obj
 0001:000148d0       ?visual@Fl@@SAHH@Z         004158d0 f   fltk:Fl_visual.obj
 0001:00014930       ?option@Fl@@SA_NW4Fl_Option@1@@Z 00415930 f   fltk:Fl.obj
 0001:00014bc0       ?option@Fl@@SAXW4Fl_Option@1@_N@Z 00415bc0 f   fltk:Fl.obj
 0001:00014c00       ?version@Fl@@SANXZ         00415c00 f   fltk:Fl.obj
 0001:00014c10       ?scrollbar_size@Fl@@SAHXZ  00415c10 f   fltk:Fl.obj
 0001:00014c20       ?scrollbar_size@Fl@@SAXH@Z 00415c20 f   fltk:Fl.obj
 0001:00014c30       ?wait@Fl@@SAHXZ            00415c30 f   fltk:Fl.obj
 0001:00014c80       ?wait@Fl@@SANN@Z           00415c80 f   fltk:Fl.obj
 0001:00014cb0       ?check@Fl@@SAHXZ           00415cb0 f   fltk:Fl.obj
 0001:00014cf0       ?ready@Fl@@SAHXZ           00415cf0 f   fltk:Fl.obj
 0001:00014d00       ?run@Fl@@SAHXZ             00415d00 f   fltk:Fl.obj
 0001:00014d30       ?add_timeout@Fl@@SAXNP6AXPAX@Z0@Z 00415d30 f   fltk:Fl.obj
 0001:00014d60       ?repeat_timeout@Fl@@SAXNP6AXPAX@Z0@Z 00415d60 f   fltk:Fl.obj
 0001:00014f10       ?has_timeout@Fl@@SAHP6AXPAX@Z0@Z 00415f10 f   fltk:Fl.obj
 0001:00014f70       ?remove_timeout@Fl@@SAXP6AXPAX@Z0@Z 00415f70 f   fltk:Fl.obj
 0001:00014fe0       ?add_check@Fl@@SAXP6AXPAX@Z0@Z 00415fe0 f   fltk:Fl.obj
 0001:00015060       ?has_check@Fl@@SAHP6AXPAX@Z0@Z 00416060 f   fltk:Fl.obj
 0001:000150b0       ?remove_check@Fl@@SAXP6AXPAX@Z0@Z 004160b0 f   fltk:Fl.obj
 0001:00015130       ?add_fd@Fl@@SAXHHP6AXHPAX@Z0@Z 00416130 f   fltk:Fl.obj
 0001:00015400       ?add_fd@Fl@@SAXHP6AXHPAX@Z0@Z 00416400 f   fltk:Fl.obj
 0001:00015420       ?remove_fd@Fl@@SAXHH@Z     00416420 f   fltk:Fl.obj
 0001:00015720       ?remove_fd@Fl@@SAXH@Z      00416720 f   fltk:Fl.obj
 0001:00015740       ?redraw@Fl@@SAXXZ          00416740 f   fltk:Fl.obj
 0001:00015770       ?flush@Fl@@SAXXZ           00416770 f   fltk:Fl.obj
 0001:00015840       ?first_window@Fl@@SAPAVFl_Window@@XZ 00416840 f   fltk:Fl.obj
 0001:00015870       ?first_window@Fl@@SAXPAVFl_Window@@@Z 00416870 f   fltk:Fl.obj
 0001:000158c0       ?next_window@Fl@@SAPAVFl_Window@@PBV2@@Z 004168c0 f   fltk:Fl.obj
 0001:00015900       ?get_mouse@Fl@@SAXAAH0@Z   00416900 f   fltk:Fl.obj
 0001:00015930       ?event_inside@Fl@@SAHHHHH@Z 00416930 f   fltk:Fl.obj
 0001:00015980       ?event_inside@Fl@@SAHPBVFl_Widget@@@Z 00416980 f   fltk:Fl.obj
 0001:00015a00       ?enable_im@Fl@@SAXXZ       00416a00 f   fltk:Fl.obj
 0001:00015a40       ?disable_im@Fl@@SAXXZ      00416a40 f   fltk:Fl.obj
 0001:00015a80       ?handle@Fl@@SAHHPAVFl_Window@@@Z 00416a80 f   fltk:Fl.obj
 0001:00015ac0       ?handle_@Fl@@SAHHPAVFl_Window@@@Z 00416ac0 f   fltk:Fl.obj
 0001:000161a0       ?belowmouse@Fl@@SAXPAVFl_Widget@@@Z 004171a0 f   fltk:Fl.obj
 0001:00016240       ?pushed@Fl@@SAXPAVFl_Widget@@@Z 00417240 f   fltk:Fl.obj
 0001:00016250       ?focus@Fl@@SAXPAVFl_Widget@@@Z 00417250 f   fltk:Fl.obj
 0001:00016350       ?add_handler@Fl@@SAXP6AHH@Z@Z 00417350 f   fltk:Fl.obj
 0001:00016390       ?remove_handler@Fl@@SAXP6AHH@Z@Z 00417390 f   fltk:Fl.obj
 0001:00016410       ?add_system_handler@Fl@@SAXP6AHPAX0@Z0@Z 00417410 f   fltk:Fl.obj
 0001:00016460       ?remove_system_handler@Fl@@SAXP6AHPAX0@Z@Z 00417460 f   fltk:Fl.obj
 0001:000164e0       ?event_dispatch@Fl@@SAXP6AHHPAVFl_Window@@@Z@Z 004174e0 f   fltk:Fl.obj
 0001:000164f0       ?event_dispatch@Fl@@SAP6AHHPAVFl_Window@@@ZXZ 004174f0 f   fltk:Fl.obj
 0001:00016500       ?copy@Fl@@SAXPBDHH0@Z      00417500 f   fltk:Fl.obj
 0001:00016630       ?copy@Fl@@SAXPBDHH@Z       00417630 f   fltk:Fl.obj
 0001:00016650       ?paste@Fl@@SAXAAVFl_Widget@@HPBD@Z 00417650 f   fltk:Fl.obj
 0001:00017340       ?paste@Fl@@SAXAAVFl_Widget@@H@Z 00418340 f   fltk:Fl.obj
 0001:00017360       ?add_clipboard_notify@Fl@@SAXP6AXHPAX@Z0@Z 00418360 f   fltk:Fl.obj
 0001:000173c0       ?remove_clipboard_notify@Fl@@SAXP6AXHPAX@Z@Z 004183c0 f   fltk:Fl.obj
 0001:00017430       ?clipboard_contains@Fl@@SAHPBD@Z 00418430 f   fltk:Fl.obj
 0001:000174e0       ?selection_owner@Fl@@SAXPAVFl_Widget@@@Z 004184e0 f   fltk:Fl.obj
 0001:000174f0       ?selection@Fl@@SAXAAVFl_Widget@@PBDH@Z 004184f0 f   fltk:Fl.obj
 0001:00017510       ?paste@Fl@@SAXAAVFl_Widget@@@Z 00418510 f   fltk:Fl.obj
 0001:00017530       ?x@Fl@@SAHXZ               00418530 f   fltk:Fl.obj
 0001:00017570       ?y@Fl@@SAHXZ               00418570 f   fltk:Fl.obj
 0001:000175b0       ?w@Fl@@SAHXZ               004185b0 f   fltk:Fl.obj
 0001:000175f0       ?h@Fl@@SAHXZ               004185f0 f   fltk:Fl.obj
 0001:00017630       ?thread_message@Fl@@SAPAXXZ 00418630 f   fltk:Fl.obj
 0001:00017650       ?delete_widget@Fl@@SAXPAVFl_Widget@@@Z 00418650 f   fltk:Fl.obj
 0001:00017750       ?do_widget_deletion@Fl@@SAXXZ 00418750 f   fltk:Fl.obj
 0001:000177d0       ?watch_widget_pointer@Fl@@SAXAAPAVFl_Widget@@@Z 004187d0 f   fltk:Fl.obj
 0001:00017870       ?release_widget_pointer@Fl@@SAXAAPAVFl_Widget@@@Z 00418870 f   fltk:Fl.obj
 0001:000178f0       ?clear_widget_pointer@Fl@@SAXPBVFl_Widget@@@Z 004188f0 f   fltk:Fl.obj
 0001:00017960       ??0Fl_Widget_Tracker@@QAE@PAVFl_Widget@@@Z 00418960 f   fltk:Fl.obj
 0001:00017990       ??1Fl_Widget_Tracker@@QAE@XZ 00418990 f   fltk:Fl.obj
 0001:000179e0       ?redraw@Fl_Widget@@QAEXXZ  004189e0 f   fltk:Fl.obj
 0001:00017a00       ?redraw_label@Fl_Widget@@QAEXXZ 00418a00 f   fltk:Fl.obj
 0001:00018000       ?damage@Fl_Widget@@QAEXE@Z 00419000 f   fltk:Fl.obj
 0001:000180c0       ?damage@Fl_Widget@@QAEXEHHHH@Z 004190c0 f   fltk:Fl.obj
 0001:000182b0       ?size_range_@Fl_Window@@AAEXXZ 004192b0 f   fltk:Fl.obj
 0001:000182d0       ?fullscreen_x@Fl_Window@@AAEXXZ 004192d0 f   fltk:Fl.obj
 0001:00018340       ?fullscreen_off_x@Fl_Window@@AAEXHHHH@Z 00419340 f   fltk:Fl.obj
 0001:00018520       ?flush@Fl_Window@@MAEXXZ   00419520 f   fltk:Fl.obj
 0001:00018590       ?handle@Fl_Window@@UAEHH@Z 00419590 f   fltk:Fl.obj
 0001:00018700       ?resize@Fl_Window@@UAEXHHHH@Z 00419700 f   fltk:Fl.obj
 0001:000189e0       ?label@Fl_Window@@QAEXPBD0@Z 004199e0 f   fltk:Fl.obj
 0001:00018ad0       ?default_icons@Fl_Window@@SAXPAUHICON__@@0@Z 00419ad0 f   fltk:Fl.obj
 0001:00018af0       ?icons@Fl_Window@@QAEXPAUHICON__@@0@Z 00419af0 f   fltk:Fl.obj
 0001:00018b50       ?show@Fl_Window@@UAEXXZ    00419b50 f   fltk:Fl.obj
 0001:00018c10       ?hide@Fl_Window@@UAEXXZ    00419c10 f   fltk:Fl.obj
 0001:00019070       ?make_current@Fl_Window@@QAEXXZ 0041a070 f   fltk:Fl.obj
 0001:000190d0       ?decorated_w@Fl_Window@@QAEHXZ 0041a0d0 f   fltk:Fl.obj
 0001:000191a0       ?decorated_h@Fl_Window@@QAEHXZ 0041a1a0 f   fltk:Fl.obj
 0001:00019270       ?XRectangleRegion@@YAPAUHRGN__@@HHHH@Z 0041a270 f   fltk:Fl.obj
 0001:00019320       ?fake_X_wm@Fl_X@@SAHPBVFl_Window@@AAH1111@Z 0041a320 f   fltk:Fl.obj
 0001:00019a50       ?make_fullscreen@Fl_X@@QAEXHHHH@Z 0041aa50 f   fltk:Fl.obj
 0001:00019bb0       ?set_minmax@Fl_X@@QAEXPAUtagMINMAXINFO@@@Z 0041abb0 f   fltk:Fl.obj
 0001:00019ca0       ?set_default_icons@Fl_X@@SAXQAPBVFl_RGB_Image@@H@Z 0041aca0 f   fltk:Fl.obj
 0001:00019d60       ?set_default_icons@Fl_X@@SAXPAUHICON__@@0@Z 0041ad60 f   fltk:Fl.obj
 0001:00019dd0       ?set_icons@Fl_X@@QAEXXZ    0041add0 f   fltk:Fl.obj
 0001:00019f70       ?set_cursor@Fl_X@@QAEHW4Fl_Cursor@@@Z 0041af70 f   fltk:Fl.obj
 0001:0001a100       ?set_cursor@Fl_X@@QAEHPBVFl_RGB_Image@@HH@Z 0041b100 f   fltk:Fl.obj
 0001:0001a180       ?make@Fl_X@@SAPAV1@PAVFl_Window@@@Z 0041b180 f   fltk:Fl.obj
 0001:0001ae20       ?fl_release_dc@@YAXPAUHWND__@@PAUHDC__@@@Z 0041be20 f   fltk:Fl.obj
 0001:0001aec0       ?fl_save_dc@@YAXPAUHWND__@@PAUHDC__@@@Z 0041bec0 f   fltk:Fl.obj
 0001:0001af30       ?fl_open_display@@YAXXZ    0041bf30 f   fltk:Fl.obj
 0001:0001af60       ?fl_find@@YAPAVFl_Window@@PAUHWND__@@@Z 0041bf60 f   fltk:Fl.obj
 0001:0001afe0       ?fl_GetDC@@YAPAUHDC__@@PAUHWND__@@@Z 0041bfe0 f   fltk:Fl.obj
 0001:0001b080       ?fl_free_fonts@@YAXXZ      0041c080 f   fltk:Fl.obj
 0001:0001b140       ?fl_cleanup_dc_list@@YAXXZ 0041c140 f   fltk:Fl.obj
 0001:0001b210       ?fl_clipboard_notify_change@@YAXXZ 0041c210 f   fltk:Fl.obj
 0001:0001b290       ?fl_clipboard_notify_empty@@YA_NXZ 0041c290 f   fltk:Fl.obj
 0001:0001b2c0       ?fl_trigger_clipboard_notify@@YAXH@Z 0041c2c0 f   fltk:Fl.obj
 0001:0001b300       ?fl_ready@@YAHXZ           0041c300 f   fltk:Fl.obj
 0001:0001b3e0       ?fl_wait@@YAHN@Z           0041c3e0 f   fltk:Fl.obj
 0001:0001b7f0       ?fl_send_system_handlers@@YAHPAX@Z 0041c7f0 f   fltk:Fl.obj
 0001:0001b850       ?fl_fix_focus@@YAXXZ       0041c850 f   fltk:Fl.obj
 0001:0001ba30       ?fl_throw_focus@@YAXPAVFl_Widget@@@Z 0041ca30 f   fltk:Fl.obj
 0001:0001bc00       ?fl_clipboard_notify_retarget@@YAXPAUHWND__@@@Z 0041cc00 f   fltk:Fl.obj
 0001:0001bc60       ?fl_update_clipboard@@YAXXZ 0041cc60 f   fltk:Fl.obj
 0001:0001bd70       ?fl_set_status@@YAXHHHH@Z  0041cd70 f   fltk:Fl.obj
 0001:0001bd80       ?fl_set_spot@@YAXHHHHHHPAVFl_Window@@@Z 0041cd80 f   fltk:Fl.obj
 0001:0001bee0       ?fl_reset_spot@@YAXXZ      0041cee0 f   fltk:Fl.obj
 0001:0001bef0       ?print_window@Fl_Paged_Device@@QAEXPAVFl_Window@@HH@Z 0041cef0 f   fltk:Fl.obj
 0001:0001c520       ?fl_get_lcid_codepage@@YAIK@Z 0041d520 f   fltk:Fl.obj
 0001:0001c580       ?fl_get_codepage@@YAXXZ    0041d580 f   fltk:Fl.obj
 0001:0001db40       ?fl_filename_name@@YAPBDPBD@Z 0041eb40 f   fltk:Fl.obj
 0001:0001e140       ?fl_xid_@@YAPAUHWND__@@PBVFl_Window@@@Z 0041f140 f   fltk:Fl.obj
 0001:0001e170       ??0Lf2CrlfConvert@@QAE@PBDH@Z 0041f170 f i fltk:Fl.obj
 0001:0001e330       ??1Fl_Win32_At_Exit@@QAE@XZ 0041f330 f i fltk:Fl.obj
 0001:0001e3a0       ??1Lf2CrlfConvert@@QAE@XZ  0041f3a0 f i fltk:Fl.obj
 0001:0001e3d0       ??1NameList@@QAE@XZ        0041f3d0 f i fltk:Fl.obj
 0001:0001e430       ??_EFl_Device@@UAEPAXI@Z   0041f430 f i fltk:Fl.obj
 0001:0001e430       ??_GFl_Device@@UAEPAXI@Z   0041f430 f i fltk:Fl.obj
 0001:0001e460       ??_GFl_GDI_Graphics_Driver@@UAEPAXI@Z 0041f460 f i fltk:Fl.obj
 0001:0001e460       ??_EFl_GDI_Graphics_Driver@@UAEPAXI@Z 0041f460 f i fltk:Fl.obj
 0001:0001e4c0       ??_GFl_Graphics_Driver@@UAEPAXI@Z 0041f4c0 f i fltk:Fl.obj
 0001:0001e4c0       ??_EFl_Graphics_Driver@@UAEPAXI@Z 0041f4c0 f i fltk:Fl.obj
 0001:0001e520       ??_GFl_Image@@UAEPAXI@Z    0041f520 f i fltk:Fl.obj
 0001:0001e520       ??_EFl_Image@@UAEPAXI@Z    0041f520 f i fltk:Fl.obj
 0001:0001e550       ??_GFl_RGB_Image@@UAEPAXI@Z 0041f550 f i fltk:Fl.obj
 0001:0001e550       ??_EFl_RGB_Image@@UAEPAXI@Z 0041f550 f i fltk:Fl.obj
 0001:0001e580       ??_GFl_Surface_Device@@UAEPAXI@Z 0041f580 f i fltk:Fl.obj
 0001:0001e580       ??_EFl_Surface_Device@@UAEPAXI@Z 0041f580 f i fltk:Fl.obj
 0001:0001e5c0       ?add_name@NameList@@QAEXPBD@Z 0041f5c0 f i fltk:Fl.obj
 0001:0001e640       ?class_name@Fl_Device@@UAEPBDXZ 0041f640 f i fltk:Fl.obj
 0001:0001e650       ?class_name@Fl_GDI_Graphics_Driver@@UAEPBDXZ 0041f650 f i fltk:Fl.obj
 0001:0001e660       ?class_name@Fl_Graphics_Driver@@UAEPBDXZ 0041f660 f i fltk:Fl.obj
 0001:0001e670       ?class_name@Fl_Surface_Device@@UAEPBDXZ 0041f670 f i fltk:Fl.obj
 0001:0001e680       ?color@Fl_Graphics_Driver@@MAEXEEE@Z 0041f680 f i fltk:Fl.obj
 0001:0001e690       ?color@Fl_Graphics_Driver@@MAEXI@Z 0041f690 f i fltk:Fl.obj
 0001:0001e6b0       ?descent@Fl_Graphics_Driver@@UAEHXZ 0041f6b0 f i fltk:Fl.obj
 0001:0001e6c0       ?draw@Fl_Graphics_Driver@@MAEXHPBDHHH@Z 0041f6c0 f i fltk:Fl.obj
 0001:0001e6d0       ?draw@Fl_Graphics_Driver@@MAEXPAVFl_Bitmap@@HHHHHH@Z 0041f6d0 f i fltk:Fl.obj
 0001:0001e6e0       ?draw@Fl_Graphics_Driver@@MAEXPAVFl_Pixmap@@HHHHHH@Z 0041f6e0 f i fltk:Fl.obj
 0001:0001e6f0       ?draw@Fl_Graphics_Driver@@MAEXPAVFl_RGB_Image@@HHHHHH@Z 0041f6f0 f i fltk:Fl.obj
 0001:0001e700       ?draw@Fl_Graphics_Driver@@MAEXPBDHHH@Z 0041f700 f i fltk:Fl.obj
 0001:0001e710       ?draw_image@Fl_Graphics_Driver@@MAEXP6AXPAXHHHPAE@Z0HHHHH@Z 0041f710 f i fltk:Fl.obj
 0001:0001e720       ?draw_image@Fl_Graphics_Driver@@MAEXPBEHHHHHH@Z 0041f720 f i fltk:Fl.obj
 0001:0001e730       ?draw_image_mono@Fl_Graphics_Driver@@MAEXP6AXPAXHHHPAE@Z0HHHHH@Z 0041f730 f i fltk:Fl.obj
 0001:0001e740       ?draw_image_mono@Fl_Graphics_Driver@@MAEXPBEHHHHHH@Z 0041f740 f i fltk:Fl.obj
 0001:0001e750       ?font@Fl_Graphics_Driver@@UAEXHH@Z 0041f750 f i fltk:Fl.obj
 0001:0001e770       ?height@Fl_Graphics_Driver@@UAEHXZ 0041f770 f i fltk:Fl.obj
 0001:0001e790       ?rtl_draw@Fl_Graphics_Driver@@MAEXPBDHHH@Z 0041f790 f i fltk:Fl.obj
 0001:0001e7a0       ?width@Fl_Graphics_Driver@@UAENI@Z 0041f7a0 f i fltk:Fl.obj
 0001:0001e7d0       ?width@Fl_Graphics_Driver@@UAENPBDH@Z 0041f7d0 f i fltk:Fl.obj
 0001:0001e7e0       ?fl_beep@@YAXH@Z           0041f7e0 f   fltk:fl_ask.obj
 0001:0001e850       ?fl_message@@YAXPBDZZ      0041f850 f   fltk:fl_ask.obj
 0001:0001e8b0       ?fl_alert@@YAXPBDZZ        0041f8b0 f   fltk:fl_ask.obj
 0001:0001e910       ?fl_ask@@YAHPBDZZ          0041f910 f   fltk:fl_ask.obj
 0001:0001e960       ?fl_choice@@YAHPBD000ZZ    0041f960 f   fltk:fl_ask.obj
 0001:0001e9b0       ?fl_input@@YAPBDPBD0ZZ     0041f9b0 f   fltk:fl_ask.obj
 0001:0001ea00       ?fl_password@@YAPBDPBD0ZZ  0041fa00 f   fltk:fl_ask.obj
 0001:0001ea50       ?fl_message_icon@@YAPAVFl_Widget@@XZ 0041fa50 f   fltk:fl_ask.obj
 0001:0001ea60       ?fl_message_hotspot@@YAXH@Z 0041fa60 f   fltk:fl_ask.obj
 0001:0001ea90       ?fl_message_hotspot@@YAHXZ 0041fa90 f   fltk:fl_ask.obj
 0001:0001eaa0       ?fl_message_title@@YAXPBD@Z 0041faa0 f   fltk:fl_ask.obj
 0001:0001eac0       ?fl_message_title_default@@YAXPBD@Z 0041fac0 f   fltk:fl_ask.obj
 0001:0001f940       ??$__vcrt_va_start_verify_argument_type@PBD@@YAXXZ 00420940 f i fltk:fl_ask.obj
 0001:0001f950       ?default_atclose@Fl@@SAXPAVFl_Window@@PAX@Z 00420950 f   fltk:Fl_Window.obj
 0001:0001f980       ?window@Fl_Widget@@QBEPAVFl_Window@@XZ 00420980 f   fltk:Fl_Window.obj
 0001:0001f9d0       ?top_window@Fl_Widget@@QBEPAVFl_Window@@XZ 004209d0 f   fltk:Fl_Window.obj
 0001:0001fa10       ?top_window_offset@Fl_Widget@@QBEPAVFl_Window@@AAH0@Z 00420a10 f   fltk:Fl_Window.obj
 0001:0001fa90       ?_Fl_Window@Fl_Window@@AAEXXZ 00420a90 f   fltk:Fl_Window.obj
 0001:0001fb80       ?free_icons@Fl_Window@@IAEXXZ 00420b80 f   fltk:Fl_Window.obj
 0001:0001fc90       ??0Fl_Window@@QAE@HHPBD@Z  00420c90 f   fltk:Fl_Window.obj
 0001:0001fd30       ??0Fl_Window@@QAE@HHHHPBD@Z 00420d30 f   fltk:Fl_Window.obj
 0001:0001fdd0       ??1Fl_Window@@UAE@XZ       00420dd0 f   fltk:Fl_Window.obj
 0001:0001fec0       ?label@Fl_Window@@QAEXPBD@Z 00420ec0 f   fltk:Fl_Window.obj
 0001:0001fef0       ?iconlabel@Fl_Window@@QAEXPBD@Z 00420ef0 f   fltk:Fl_Window.obj
 0001:0001ff20       ?copy_label@Fl_Window@@QAEXPBD@Z 00420f20 f   fltk:Fl_Window.obj
 0001:0001ff60       ?default_xclass@Fl_Window@@SAXPBD@Z 00420f60 f   fltk:Fl_Window.obj
 0001:0001ffa0       ?default_xclass@Fl_Window@@SAPBDXZ 00420fa0 f   fltk:Fl_Window.obj
 0001:0001ffc0       ?xclass@Fl_Window@@QBEPBDXZ 00420fc0 f   fltk:Fl_Window.obj
 0001:0001fff0       ?xclass@Fl_Window@@QAEXPBD@Z 00420ff0 f   fltk:Fl_Window.obj
 0001:00020050       ?default_icon@Fl_Window@@SAXPBVFl_RGB_Image@@@Z 00421050 f   fltk:Fl_Window.obj
 0001:00020070       ?default_icons@Fl_Window@@SAXQAPBVFl_RGB_Image@@H@Z 00421070 f   fltk:Fl_Window.obj
 0001:00020090       ?icon@Fl_Window@@QAEXPBVFl_RGB_Image@@@Z 00421090 f   fltk:Fl_Window.obj
 0001:000200b0       ?icons@Fl_Window@@QAEXQAPBVFl_RGB_Image@@H@Z 004210b0 f   fltk:Fl_Window.obj
 0001:00020180       ?icon@Fl_Window@@QBEPBXXZ  00421180 f   fltk:Fl_Window.obj
 0001:000201a0       ?icon@Fl_Window@@QAEXPBX@Z 004211a0 f   fltk:Fl_Window.obj
 0001:000201c0       ?wait_for_expose@Fl_Window@@QAEXXZ 004211c0 f   fltk:Fl_Window.obj
 0001:00020210       ?x_root@Fl_Window@@QBEHXZ  00421210 f   fltk:Fl_Window.obj
 0001:00020250       ?y_root@Fl_Window@@QBEHXZ  00421250 f   fltk:Fl_Window.obj
 0001:00020290       ?current@Fl_Window@@SAPAV1@XZ 00421290 f   fltk:Fl_Window.obj
 0001:000202a0       ?default_callback@Fl_Window@@SAXPAV1@PAX@Z 004212a0 f   fltk:Fl_Window.obj
 0001:000202c0       ??_EFl_Window@@UAEPAXI@Z   004212c0 f i fltk:Fl_Window.obj
 0001:000202c0       ??_GFl_Window@@UAEPAXI@Z   004212c0 f i fltk:Fl_Window.obj
 0001:00020300       ?as_gl_window@Fl_Widget@@UAEPAVFl_Gl_Window@@XZ 00421300 f i fltk:Fl_Window.obj
 0001:00020310       ?navigation@Fl_Group@@AAEHH@Z 00421310 f   fltk:Fl_Group.obj
 0001:000204d0       ?draw@Fl_Group@@MAEXXZ     004214d0 f   fltk:Fl_Group.obj
 0001:00020510       ?draw_child@Fl_Group@@IBEXAAVFl_Widget@@@Z 00421510 f   fltk:Fl_Group.obj
 0001:000205c0       ?draw_children@Fl_Group@@IAEXXZ 004215c0 f   fltk:Fl_Group.obj
 0001:000207a0       ?draw_outside_label@Fl_Group@@IBEXABVFl_Widget@@@Z 004217a0 f   fltk:Fl_Group.obj
 0001:00020a30       ?update_child@Fl_Group@@IBEXAAVFl_Widget@@@Z 00421a30 f   fltk:Fl_Group.obj
 0001:00020af0       ?sizes@Fl_Group@@IAEPAHXZ  00421af0 f   fltk:Fl_Group.obj
 0001:00020e30       ?handle@Fl_Group@@UAEHH@Z  00421e30 f   fltk:Fl_Group.obj
 0001:000217f0       ?begin@Fl_Group@@QAEXXZ    004227f0 f   fltk:Fl_Group.obj
 0001:00021810       ?end@Fl_Group@@QAEXXZ      00422810 f   fltk:Fl_Group.obj
 0001:00021830       ?current@Fl_Group@@SAPAV1@XZ 00422830 f   fltk:Fl_Group.obj
 0001:00021840       ?current@Fl_Group@@SAXPAV1@@Z 00422840 f   fltk:Fl_Group.obj
 0001:00021850       ?find@Fl_Group@@QBEHPBVFl_Widget@@@Z 00422850 f   fltk:Fl_Group.obj
 0001:000218b0       ?array@Fl_Group@@QBEPBQAVFl_Widget@@XZ 004228b0 f   fltk:Fl_Group.obj
 0001:000218e0       ?resize@Fl_Group@@UAEXHHHH@Z 004228e0 f   fltk:Fl_Group.obj
 0001:00021cf0       ??0Fl_Group@@QAE@HHHHPBD@Z 00422cf0 f   fltk:Fl_Group.obj
 0001:00021da0       ??1Fl_Group@@UAE@XZ        00422da0 f   fltk:Fl_Group.obj
 0001:00021df0       ?add@Fl_Group@@QAEXAAVFl_Widget@@@Z 00422df0 f   fltk:Fl_Group.obj
 0001:00021e10       ?insert@Fl_Group@@QAEXAAVFl_Widget@@H@Z 00422e10 f   fltk:Fl_Group.obj
 0001:00021fb0       ?remove@Fl_Group@@QAEXH@Z  00422fb0 f   fltk:Fl_Group.obj
 0001:000220b0       ?remove@Fl_Group@@QAEXAAVFl_Widget@@@Z 004230b0 f   fltk:Fl_Group.obj
 0001:000220f0       ?clear@Fl_Group@@QAEXXZ    004230f0 f   fltk:Fl_Group.obj
 0001:00022280       ?init_sizes@Fl_Group@@QAEXXZ 00423280 f   fltk:Fl_Group.obj
 0001:000222b0       ??0Fl_Input_Choice@@QAE@HHHHPBD@Z 004232b0 f   fltk:Fl_Group.obj
 0001:00022560       ??0Fl_Spinner@@QAE@HHHHPBD@Z 00423560 f   fltk:Fl_Group.obj
 0001:00022990       ??$__vcrt_va_start_verify_argument_type@QBD@@YAXXZ 00423990 f i fltk:Fl_Group.obj
 0001:000229a0       ??1Fl_Input@@UAE@XZ        004239a0 f i fltk:Fl_Group.obj
 0001:000229c0       ??1Fl_Repeat_Button@@UAE@XZ 004239c0 f i fltk:Fl_Group.obj
 0001:000229e0       ??1Fl_Spinner@@UAE@XZ      004239e0 f i fltk:Fl_Group.obj
 0001:00022a20       ??_EFl_Group@@UAEPAXI@Z    00423a20 f i fltk:Fl_Group.obj
 0001:00022a20       ??_GFl_Group@@UAEPAXI@Z    00423a20 f i fltk:Fl_Group.obj
 0001:00022a50       ??_GFl_Input_Choice@@UAEPAXI@Z 00423a50 f i fltk:Fl_Group.obj
 0001:00022a50       ??_EFl_Input_Choice@@UAEPAXI@Z 00423a50 f i fltk:Fl_Group.obj
 0001:00022a80       ??_GFl_Spinner@@UAEPAXI@Z  00423a80 f i fltk:Fl_Group.obj
 0001:00022a80       ??_EFl_Spinner@@UAEPAXI@Z  00423a80 f i fltk:Fl_Group.obj
 0001:00022ac0       ??_GInputMenuButton@Fl_Input_Choice@@UAEPAXI@Z 00423ac0 f i fltk:Fl_Group.obj
 0001:00022ac0       ??_EInputMenuButton@Fl_Input_Choice@@UAEPAXI@Z 00423ac0 f i fltk:Fl_Group.obj
 0001:00022af0       ?as_group@Fl_Widget@@UAEPAVFl_Group@@XZ 00423af0 f i fltk:Fl_Group.obj
 0001:00022b00       ?as_window@Fl_Widget@@UAEPAVFl_Window@@XZ 00423b00 f i fltk:Fl_Group.obj
 0001:00022b10       ?draw@InputMenuButton@Fl_Input_Choice@@EAEXXZ 00423b10 f i fltk:Fl_Group.obj
 0001:00022c10       ?draw_focus@Fl_Widget@@IAEXXZ 00423c10 f i fltk:Fl_Group.obj
 0001:00022c70       ?handle@Fl_Spinner@@UAEHH@Z 00423c70 f i fltk:Fl_Group.obj
 0001:00022d40       ?inp_cb@Fl_Input_Choice@@CAXPAVFl_Widget@@PAX@Z 00423d40 f i fltk:Fl_Group.obj
 0001:00022e60       ?menu_cb@Fl_Input_Choice@@CAXPAVFl_Widget@@PAX@Z 00423e60 f i fltk:Fl_Group.obj
 0001:00023060       ?menu_x@Fl_Input_Choice@@AAEHXZ 00424060 f i fltk:Fl_Group.obj
 0001:000230b0       ?resize@Fl_Input_Choice@@UAEXHHHH@Z 004240b0 f i fltk:Fl_Group.obj
 0001:00023210       ?resize@Fl_Spinner@@UAEXHHHH@Z 00424210 f i fltk:Fl_Group.obj
 0001:00023300       ?sb_cb@Fl_Spinner@@CAXPAVFl_Widget@@PAV1@@Z 00424300 f i fltk:Fl_Group.obj
 0001:00023480       ?update@Fl_Spinner@@AAEXXZ 00424480 f i fltk:Fl_Group.obj
 0001:00023660       ?setonly@Fl_Menu_Item@@QAEXXZ 00424660 f   fltk:Fl_Menu_.obj
 0001:00023710       ??0Fl_Menu_@@QAE@HHHHPBD@Z 00424710 f   fltk:Fl_Menu_.obj
 0001:000237c0       ??1Fl_Menu_@@UAE@XZ        004247c0 f   fltk:Fl_Menu_.obj
 0001:00023810       ?item_pathname@Fl_Menu_@@QBEHPADHPBUFl_Menu_Item@@@Z 00424810 f   fltk:Fl_Menu_.obj
 0001:00023a60       ?picked@Fl_Menu_@@QAEPBUFl_Menu_Item@@PBU2@@Z 00424a60 f   fltk:Fl_Menu_.obj
 0001:00023b80       ?find_item@Fl_Menu_@@QAEPBUFl_Menu_Item@@PBD@Z 00424b80 f   fltk:Fl_Menu_.obj
 0001:00023bc0       ?find_item@Fl_Menu_@@QAEPBUFl_Menu_Item@@P6AXPAVFl_Widget@@PAX@Z@Z 00424bc0 f   fltk:Fl_Menu_.obj
 0001:00023c10       ?find_index@Fl_Menu_@@QBEHPBD@Z 00424c10 f   fltk:Fl_Menu_.obj
 0001:00023e40       ?find_index@Fl_Menu_@@QBEHPBUFl_Menu_Item@@@Z 00424e40 f   fltk:Fl_Menu_.obj
 0001:00023e90       ?find_index@Fl_Menu_@@QBEHP6AXPAVFl_Widget@@PAX@Z@Z 00424e90 f   fltk:Fl_Menu_.obj
 0001:00023ee0       ?menu@Fl_Menu_@@QAEXPBUFl_Menu_Item@@@Z 00424ee0 f   fltk:Fl_Menu_.obj
 0001:00023f10       ?copy@Fl_Menu_@@QAEXPBUFl_Menu_Item@@PAX@Z 00424f10 f   fltk:Fl_Menu_.obj
 0001:00023fb0       ?size@Fl_Menu_@@QBEHXZ     00424fb0 f   fltk:Fl_Menu_.obj
 0001:00023fe0       ?clear@Fl_Menu_@@QAEXXZ    00424fe0 f   fltk:Fl_Menu_.obj
 0001:000240a0       ?clear_submenu@Fl_Menu_@@QAEHH@Z 004250a0 f   fltk:Fl_Menu_.obj
 0001:00024120       ?value@Fl_Menu_@@QAEHPBUFl_Menu_Item@@@Z 00425120 f   fltk:Fl_Menu_.obj
 0001:00024160       ??_GFl_Menu_@@UAEPAXI@Z    00425160 f i fltk:Fl_Menu_.obj
 0001:00024160       ??_EFl_Menu_@@UAEPAXI@Z    00425160 f i fltk:Fl_Menu_.obj
 0001:00024190       ?draw@Fl_Menu_Bar@@MAEXXZ  00425190 f   fltk:Fl_Menu_Bar.obj
 0001:00024340       ?handle@Fl_Menu_Bar@@UAEHH@Z 00425340 f   fltk:Fl_Menu_Bar.obj
 0001:000244b0       ??0Fl_Menu_Bar@@QAE@HHHHPBD@Z 004254b0 f   fltk:Fl_Menu_Bar.obj
 0001:000244f0       ??_EFl_Menu_Bar@@UAEPAXI@Z 004254f0 f i fltk:Fl_Menu_Bar.obj
 0001:000244f0       ??_GFl_Menu_Bar@@UAEPAXI@Z 004254f0 f i fltk:Fl_Menu_Bar.obj
 0001:00024520       ??0Fl_Valuator@@IAE@HHHHPBD@Z 00425520 f   fltk:Fl_Valuator.obj
 0001:000245d0       ?softclamp@Fl_Valuator@@IAENN@Z 004255d0 f   fltk:Fl_Valuator.obj
 0001:000246f0       ?handle_drag@Fl_Valuator@@IAEXN@Z 004256f0 f   fltk:Fl_Valuator.obj
 0001:00024760       ?handle_release@Fl_Valuator@@IAEXXZ 00425760 f   fltk:Fl_Valuator.obj
 0001:000247c0       ?value_damage@Fl_Valuator@@MAEXXZ 004257c0 f   fltk:Fl_Valuator.obj
 0001:000247e0       ?step@Fl_Valuator@@QAEXN@Z 004257e0 f   fltk:Fl_Valuator.obj
 0001:000248d0       ?precision@Fl_Valuator@@QAEXH@Z 004258d0 f   fltk:Fl_Valuator.obj
 0001:00024930       ?value@Fl_Valuator@@QAEHN@Z 00425930 f   fltk:Fl_Valuator.obj
 0001:00024990       ?format@Fl_Valuator@@UAEHPAD@Z 00425990 f   fltk:Fl_Valuator.obj
 0001:00024ae0       ?round@Fl_Valuator@@QAENN@Z 00425ae0 f   fltk:Fl_Valuator.obj
 0001:00024b60       ?clamp@Fl_Valuator@@QAENN@Z 00425b60 f   fltk:Fl_Valuator.obj
 0001:00024c20       ?increment@Fl_Valuator@@QAENNH@Z 00425c20 f   fltk:Fl_Valuator.obj
 0001:00024cf0       ??_GFl_Valuator@@UAEPAXI@Z 00425cf0 f i fltk:Fl_Valuator.obj
 0001:00024cf0       ??_EFl_Valuator@@UAEPAXI@Z 00425cf0 f i fltk:Fl_Valuator.obj
 0001:00024d30       ?draw@Fl_Value_Slider@@MAEXXZ 00425d30 f   fltk:Fl_Value_Slider.obj
 0001:000250a0       ?handle@Fl_Value_Slider@@UAEHH@Z 004260a0 f   fltk:Fl_Value_Slider.obj
 0001:000251b0       ??0Fl_Value_Slider@@QAE@HHHHPBD@Z 004261b0 f   fltk:Fl_Value_Slider.obj
 0001:00025230       ??0Fl_Hor_Value_Slider@@QAE@HHHHPBD@Z 00426230 f   fltk:Fl_Value_Slider.obj
 0001:00025270       ??_GFl_Hor_Value_Slider@@UAEPAXI@Z 00426270 f i fltk:Fl_Value_Slider.obj
 0001:00025270       ??_EFl_Hor_Value_Slider@@UAEPAXI@Z 00426270 f i fltk:Fl_Value_Slider.obj
 0001:000252b0       ??_GFl_Value_Slider@@UAEPAXI@Z 004262b0 f i fltk:Fl_Value_Slider.obj
 0001:000252b0       ??_EFl_Value_Slider@@UAEPAXI@Z 004262b0 f i fltk:Fl_Value_Slider.obj
 0001:000252f0       ?key_release_timeout@Fl_Button@@KAXPAX@Z 004262f0 f   fltk:Fl_Button.obj
 0001:00025390       ?simulate_key_action@Fl_Button@@IAEXXZ 00426390 f   fltk:Fl_Button.obj
 0001:00025470       ?draw@Fl_Button@@MAEXXZ    00426470 f   fltk:Fl_Button.obj
 0001:000255c0       ?handle@Fl_Button@@UAEHH@Z 004265c0 f   fltk:Fl_Button.obj
 0001:00025b70       ??0Fl_Button@@QAE@HHHHPBD@Z 00426b70 f   fltk:Fl_Button.obj
 0001:00025be0       ?value@Fl_Button@@QAEHH@Z  00426be0 f   fltk:Fl_Button.obj
 0001:00025c70       ?setonly@Fl_Button@@QAEXXZ 00426c70 f   fltk:Fl_Button.obj
 0001:00025cf0       ??0Fl_Radio_Button@@QAE@HHHHPBD@Z 00426cf0 f   fltk:Fl_Button.obj
 0001:00025d30       ??0Fl_Toggle_Button@@QAE@HHHHPBD@Z 00426d30 f   fltk:Fl_Button.obj
 0001:00025d70       ??_GFl_Button@@UAEPAXI@Z   00426d70 f i fltk:Fl_Button.obj
 0001:00025d70       ??_EFl_Button@@UAEPAXI@Z   00426d70 f i fltk:Fl_Button.obj
 0001:00025da0       ??_GFl_Radio_Button@@UAEPAXI@Z 00426da0 f i fltk:Fl_Button.obj
 0001:00025da0       ??_EFl_Radio_Button@@UAEPAXI@Z 00426da0 f i fltk:Fl_Button.obj
 0001:00025dd0       ??_EFl_Toggle_Button@@UAEPAXI@Z 00426dd0 f i fltk:Fl_Button.obj
 0001:00025dd0       ??_GFl_Toggle_Button@@UAEPAXI@Z 00426dd0 f i fltk:Fl_Button.obj
 0001:00025e00       ?fl_dir_chooser@@YAPADPBD0H@Z 00426e00 f   fltk:fl_file_dir.obj
 0001:00025fa0       ?fl_file_chooser@@YAPADPBD00H@Z 00426fa0 f   fltk:fl_file_dir.obj
 0001:000262e0       ?fl_file_chooser_callback@@YAXP6AXPBD@Z@Z 004272e0 f   fltk:fl_file_dir.obj
 0001:000262f0       ?fl_file_chooser_ok_label@@YAXPBD@Z 004272f0 f   fltk:fl_file_dir.obj
 0001:00026360       _fl_utf8bytes              00427360 f   fltk:fl_utf.obj
 0001:000263c0       _fl_utf8decode             004273c0 f   fltk:fl_utf.obj
 0001:000266b0       _fl_utf8encode             004276b0 f   fltk:fl_utf.obj
 0001:00026840       _fl_utf8fwd                00427840 f   fltk:fl_utf.obj
 0001:000268f0       _fl_utf8back               004278f0 f   fltk:fl_utf.obj
 0001:00026990       _fl_ucs_to_Utf16           00427990 f   fltk:fl_utf.obj
 0001:00026ab0       _fl_utf8toUtf16            00427ab0 f   fltk:fl_utf.obj
 0001:00026c50       _fl_utf8towc               00427c50 f   fltk:fl_utf.obj
 0001:00026c70       _fl_utf8fromwc             00427c70 f   fltk:fl_utf.obj
 0001:00026fc0       _fl_utf8toa                00427fc0 f   fltk:fl_utf.obj
 0001:000270e0       _fl_utf8froma              004280e0 f   fltk:fl_utf.obj
 0001:00027210       _fl_utf8locale             00428210 f   fltk:fl_utf.obj
 0001:00027250       _fl_utf8test               00428250 f   fltk:fl_utf.obj
 0001:000272d0       _fl_wcwidth_               004282d0 f   fltk:fl_utf.obj
 0001:000272f0       _fl_wcwidth                004282f0 f   fltk:fl_utf.obj
 0001:00027340       _fl_utf8to_mb              00428340 f   fltk:fl_utf.obj
 0001:000274c0       _fl_utf8from_mb            004284c0 f   fltk:fl_utf.obj
 0001:000277f0       ?call_screen_init@Fl@@SAXXZ 004287f0 f   fltk:screen_xywh.obj
 0001:00027800       ?screen_count@Fl@@SAHXZ    00428800 f   fltk:screen_xywh.obj
 0001:00027840       ?screen_xywh@Fl@@SAXAAH000HH@Z 00428840 f   fltk:screen_xywh.obj
 0001:00027870       ?screen_xywh@Fl@@SAXAAH000H@Z 00428870 f   fltk:screen_xywh.obj
 0001:00027930       ?screen_xywh@Fl@@SAXAAH000HHHH@Z 00428930 f   fltk:screen_xywh.obj
 0001:00027970       ?screen_num@Fl@@SAHHH@Z    00428970 f   fltk:screen_xywh.obj
 0001:00027a00       ?screen_num@Fl@@SAHHHHH@Z  00428a00 f   fltk:screen_xywh.obj
 0001:00027ab0       ?screen_dpi@Fl@@SAXAAM0H@Z 00428ab0 f   fltk:screen_xywh.obj
 0001:00027b20       ?screen_work_area@Fl@@SAXAAH000HH@Z 00428b20 f   fltk:screen_xywh.obj
 0001:00027b50       ?screen_work_area@Fl@@SAXAAH000H@Z 00428b50 f   fltk:screen_xywh.obj
 0001:00027ef0       ?add_awake_handler_@Fl@@SAHP6AXPAX@Z0@Z 00428ef0 f   fltk:Fl_lock.obj
 0001:00027fd0       ?get_awake_handler_@Fl@@SAHAAP6AXPAX@ZAAPAX@Z 00428fd0 f   fltk:Fl_lock.obj
 0001:00028060       ?lock@Fl@@SAHXZ            00429060 f   fltk:Fl_lock.obj
 0001:000280b0       ?unlock@Fl@@SAXXZ          004290b0 f   fltk:Fl_lock.obj
 0001:000280c0       ?awake@Fl@@SAXPAX@Z        004290c0 f   fltk:Fl_lock.obj
 0001:000280e0       ?awake@Fl@@SAHP6AXPAX@Z0@Z 004290e0 f   fltk:Fl_lock.obj
 0001:00028190       ?compose@Fl@@SAHAAH@Z      00429190 f   fltk:Fl_compose.obj
 0001:00028230       ?compose_reset@Fl@@SAXXZ   00429230 f   fltk:Fl_compose.obj
 0001:00028240       ?set_labeltype@Fl@@SAXW4Fl_Labeltype@@P6AXPBUFl_Label@@HHHHI@ZP6AX1AAH3@Z@Z 00429240 f   fltk:fl_labeltype.obj
 0001:00028260       ?draw@Fl_Label@@QBEXHHHHI@Z 00429260 f   fltk:fl_labeltype.obj
 0001:000282b0       ?measure@Fl_Label@@QBEXAAH0@Z 004292b0 f   fltk:fl_labeltype.obj
 0001:00028320       ?draw_label@Fl_Widget@@IBEXXZ 00429320 f   fltk:fl_labeltype.obj
 0001:000283f0       ?draw_label@Fl_Widget@@IBEXHHHH@Z 004293f0 f   fltk:fl_labeltype.obj
 0001:00028450       ?draw_label@Fl_Widget@@QBEXHHHHI@Z 00429450 f   fltk:fl_labeltype.obj
 0001:000284e0       ?fl_no_label@@YAXPBUFl_Label@@HHHHI@Z 004294e0 f   fltk:fl_labeltype.obj
 0001:000284f0       ?fl_normal_label@@YAXPBUFl_Label@@HHHHI@Z 004294f0 f   fltk:fl_labeltype.obj
 0001:00028580       ?fl_normal_measure@@YAXPBUFl_Label@@AAH1@Z 00429580 f   fltk:fl_labeltype.obj
 0001:00028620       ?readqueue@Fl@@SAPAVFl_Widget@@XZ 00429620 f   fltk:Fl_Widget.obj
 0001:00028670       ??0Fl_Widget@@IAE@HHHHPBD@Z 00429670 f   fltk:Fl_Widget.obj
 0001:00028780       ?draw_focus@Fl_Widget@@IBEXW4Fl_Boxtype@@HHHH@Z 00429780 f   fltk:Fl_Widget.obj
 0001:000289b0       ??1Fl_Widget@@UAE@XZ       004299b0 f   fltk:Fl_Widget.obj
 0001:00028a90       ?handle@Fl_Widget@@UAEHH@Z 00429a90 f   fltk:Fl_Widget.obj
 0001:00028aa0       ?resize@Fl_Widget@@UAEXHHHH@Z 00429aa0 f   fltk:Fl_Widget.obj
 0001:00028ae0       ?damage_resize@Fl_Widget@@QAEHHHHH@Z 00429ae0 f   fltk:Fl_Widget.obj
 0001:00028b70       ?label@Fl_Widget@@QAEXPBD@Z 00429b70 f   fltk:Fl_Widget.obj
 0001:00028be0       ?copy_label@Fl_Widget@@QAEXPBD@Z 00429be0 f   fltk:Fl_Widget.obj
 0001:00028c50       ?visible_r@Fl_Widget@@QBEHXZ 00429c50 f   fltk:Fl_Widget.obj
 0001:00028ca0       ?show@Fl_Widget@@UAEXXZ    00429ca0 f   fltk:Fl_Widget.obj
 0001:00028d50       ?hide@Fl_Widget@@UAEXXZ    00429d50 f   fltk:Fl_Widget.obj
 0001:00028df0       ?active_r@Fl_Widget@@QBEHXZ 00429df0 f   fltk:Fl_Widget.obj
 0001:00028e40       ?activate@Fl_Widget@@QAEXXZ 00429e40 f   fltk:Fl_Widget.obj
 0001:00028ef0       ?deactivate@Fl_Widget@@QAEXXZ 00429ef0 f   fltk:Fl_Widget.obj
 0001:00028f60       ?take_focus@Fl_Widget@@QAEHXZ 00429f60 f   fltk:Fl_Widget.obj
 0001:00028ff0       ?default_callback@Fl_Widget@@SAXPAV1@PAX@Z 00429ff0 f   fltk:Fl_Widget.obj
 0001:00029060       ?do_callback@Fl_Widget@@QAEXPAV1@PAX@Z 0042a060 f   fltk:Fl_Widget.obj
 0001:00029120       ?contains@Fl_Widget@@QBEHPBV1@@Z 0042a120 f   fltk:Fl_Widget.obj
 0001:00029210       ??_EFl_Widget@@UAEPAXI@Z   0042a210 f i fltk:Fl_Widget.obj
 0001:00029210       ??_GFl_Widget@@UAEPAXI@Z   0042a210 f i fltk:Fl_Widget.obj
 0001:00029240       ?draw_empty@Fl_Image@@IAEXHH@Z 0042a240 f   fltk:Fl_Image.obj
 0001:00029350       ?labeltype@Fl_Image@@KAXPBUFl_Label@@HHHHI@Z 0042a350 f   fltk:Fl_Image.obj
 0001:00029430       ?measure@Fl_Image@@KAXPBUFl_Label@@AAH1@Z 0042a430 f   fltk:Fl_Image.obj
 0001:00029470       ??1Fl_Image@@UAE@XZ        0042a470 f   fltk:Fl_Image.obj
 0001:00029490       ?copy@Fl_Image@@UAEPAV1@HH@Z 0042a490 f   fltk:Fl_Image.obj
 0001:00029520       ?color_average@Fl_Image@@UAEXIM@Z 0042a520 f   fltk:Fl_Image.obj
 0001:00029530       ?desaturate@Fl_Image@@UAEXXZ 0042a530 f   fltk:Fl_Image.obj
 0001:00029540       ?label@Fl_Image@@UAEXPAVFl_Widget@@@Z 0042a540 f   fltk:Fl_Image.obj
 0001:00029560       ?label@Fl_Image@@UAEXPAUFl_Menu_Item@@@Z 0042a560 f   fltk:Fl_Image.obj
 0001:00029590       ?draw@Fl_Image@@UAEXHHHHHH@Z 0042a590 f   fltk:Fl_Image.obj
 0001:000295b0       ?uncache@Fl_Image@@UAEXXZ  0042a5b0 f   fltk:Fl_Image.obj
 0001:000295c0       ?RGB_scaling@Fl_Image@@SAXW4Fl_RGB_Scaling@@@Z 0042a5c0 f   fltk:Fl_Image.obj
 0001:000295d0       ?RGB_scaling@Fl_Image@@SA?AW4Fl_RGB_Scaling@@XZ 0042a5d0 f   fltk:Fl_Image.obj
 0001:000295e0       ??0Fl_RGB_Image@@QAE@PBVFl_Pixmap@@I@Z 0042a5e0 f   fltk:Fl_Image.obj
 0001:00029720       ??1Fl_RGB_Image@@UAE@XZ    0042a720 f   fltk:Fl_Image.obj
 0001:00029790       ?copy@Fl_RGB_Image@@UAEPAVFl_Image@@HH@Z 0042a790 f   fltk:Fl_Image.obj
 0001:0002a5c0       ?color_average@Fl_RGB_Image@@UAEXIM@Z 0042b5c0 f   fltk:Fl_Image.obj
 0001:0002a980       ?desaturate@Fl_RGB_Image@@UAEXXZ 0042b980 f   fltk:Fl_Image.obj
 0001:0002abb0       ?draw@Fl_RGB_Image@@UAEXHHHHHH@Z 0042bbb0 f   fltk:Fl_Image.obj
 0001:0002abf0       ?label@Fl_RGB_Image@@UAEXPAVFl_Widget@@@Z 0042bbf0 f   fltk:Fl_Image.obj
 0001:0002ac10       ?label@Fl_RGB_Image@@UAEXPAUFl_Menu_Item@@@Z 0042bc10 f   fltk:Fl_Image.obj
 0001:0002ac40       ?uncache@Fl_RGB_Image@@UAEXXZ 0042bc40 f   fltk:Fl_Image.obj
 0001:0002ac90       ?draw@Fl_GDI_Graphics_Driver@@UAEXPAVFl_RGB_Image@@HHHHHH@Z 0042bc90 f   fltk:Fl_Image.obj
 0001:0002b300       ?tooltip@Fl_Widget@@QAEXPBD@Z 0042c300 f   fltk:Fl_Tooltip.obj
 0001:0002b370       ?copy_tooltip@Fl_Widget@@QAEXPBD@Z 0042c370 f   fltk:Fl_Tooltip.obj
 0001:0002b400       ?enter_area@Fl_Tooltip@@SAXPAVFl_Widget@@HHHHPBD@Z 0042c400 f   fltk:Fl_Tooltip.obj
[...]
 0003:000010d4       $SG5892                    004890d4     fltk:vsnprintf.obj
 0003:000010d8       $SG5899                    004890d8     fltk:vsnprintf.obj
 0003:000010dc       $SG5933                    004890dc     fltk:vsnprintf.obj
 0003:000010e8       ?table@@3PAUKeyname@@A     004890e8     fltk:fl_shortcut.obj
 0003:000011e0       ?standard_fp_chars@@3PBDB  004891e0     fltk:Fl_Input.obj
 0003:000011e4       ?drag_start@?1??handle@Fl_Input@@UAEHH@Z@4HA 004891e4     fltk:Fl_Input.obj
 0003:000011e8       ?l_local_buff@?1??expand_text_@@YAPBDPBDAAPADHNAAHAANHH@Z@4HA 004891e8     fltk:fl_draw.obj
 0003:000011f0       ?draw_it_active@@3HA       004891f0     fltk:fl_boxtype.obj
 0003:000011f8       ?fl_box_table@@3PAU<unnamed-type-fl_box_table>@@A 004891f8     fltk:fl_boxtype.obj
 0003:00001e34       ?symbnumb@@3HA             00489e34     fltk:fl_symbols.obj
 0003:00001e38       ?cursors@@3PAW4Fl_Cursor@@A 00489e38     fltk:Fl_Tile.obj
 0003:00001e48       $SG37744                   00489e48     fltk:scandir.obj
 0003:00001e4c       $SG37747                   00489e4c     fltk:scandir.obj
 0003:00001e50       $SG37752                   00489e50     fltk:scandir.obj
 0003:00001e54       $SG37756                   00489e54     fltk:scandir.obj
 0003:00002d28       ?done@@3_NA                0048ad28     TraceUI.obj
 0003:00002d70       ?clip_notify_list@@3PAUClipboard_Notify@@A 0048ad70     fltk:Fl.obj
 0003:00002d7c       ?clipboard_wnd@@3PAUHWND__@@A 0048ad7c     fltk:Fl.obj
 0003:00002d80       ?next_clipboard_wnd@@3PAUHWND__@@A 0048ad80     fltk:Fl.obj
 0003:00002d84       ?handlers@@3PAUhandler_link@@A 0048ad84     fltk:Fl.obj
 0003:00002d88       ?s_wsock_mod@@3PAUHINSTANCE__@@A 0048ad88     fltk:Fl.obj
 0003:00002d8c       ?s_wsock_select@@3P6GHHPAUfd_set@@00PBUtimeval@@@ZA 0048ad8c     fltk:Fl.obj
 0003:00002d90       ?fl_wsk_fd_is_set@@3P6GHIPAUfd_set@@@ZA 0048ad90     fltk:Fl.obj
 0003:00002dbc       ?s_imm_module@@3PAUHINSTANCE__@@A 0048adbc     fltk:Fl.obj
 0003:00002dc0       ?flImmAssociateContextEx@@3P6GHPAUHWND__@@PAUHIMC__@@K@ZA 0048adc0     fltk:Fl.obj
 0003:00002dc5       ?dnd_flag@@3DA             0048adc5     fltk:Fl.obj
 0003:00002dc8       ?flImmGetContext@@3P6GPAUHIMC__@@PAUHWND__@@@ZA 0048adc8     fltk:Fl.obj
 0003:00002dd0       ?flImmSetCompositionWindow@@3P6GHPAUHIMC__@@PAUtagCOMPOSITIONFORM@@@ZA 0048add0     fltk:Fl.obj
 0003:00002dd4       ?flImmReleaseContext@@3P6GHPAUHWND__@@PAUHIMC__@@@ZA 0048add4     fltk:Fl.obj
 0003:00002dd8       ?sys_handlers@@3PAUsystem_handler_link@@A 0048add8     fltk:Fl.obj
 0003:00002ddc       ?track_mouse_win@@3PAVFl_Window@@A 0048addc     fltk:Fl.obj
 0003:00002de0       ?maxfd@@3HA                0048ade0     fltk:Fl.obj
 0003:00002de4       ?nfds@@3HA                 0048ade4     fltk:Fl.obj
 0003:00002de8       ?fd_array_size@@3HA        0048ade8     fltk:Fl.obj
 0003:00002e14       ?fd@@3PAUFD@@A             0048ae14     fltk:Fl.obj
 0003:00002e74       ?default_big_icon@@3PAUHICON__@@A 0048ae74     fltk:Fl.obj
 0003:00002e78       ?default_small_icon@@3PAUHICON__@@A 0048ae78     fltk:Fl.obj
 0003:00002e7c       ?win_DC_list@@3PAUWin_DC_List@@A 0048ae7c     fltk:Fl.obj
 0003:00002e88       ?num_dwidgets@@3HA         0048ae88     fltk:Fl.obj
 0003:00002e8c       ?alloc_dwidgets@@3HA       0048ae8c     fltk:Fl.obj
 0003:00002e90       ?dwidgets@@3PAPAVFl_Widget@@A 0048ae90     fltk:Fl.obj
 0003:00002e94       ?widget_watch@@3PAPAPAVFl_Widget@@A 0048ae94     fltk:Fl.obj
 0003:00002e98       ?num_widget_watch@@3HA     0048ae98     fltk:Fl.obj
 0003:00002e9c       ?max_widget_watch@@3HA     0048ae9c     fltk:Fl.obj
 0003:00002ea8       ?win32_at_exit@@3VFl_Win32_At_Exit@@A 0048aea8     fltk:Fl.obj
 0003:00002eac       ?fl_gdi_display@@3VFl_Display_Device@@A 0048aeac     fltk:Fl.obj
 0003:00002eb8       ?fl_gdi_driver@@3VFl_GDI_Graphics_Driver@@A 0048aeb8     fltk:Fl.obj
 0003:000035a0       ?first_check@@3PAUCheck@@A 0048b5a0     fltk:Fl.obj
 0003:000035a4       ?next_check@@3PAUCheck@@A  0048b5a4     fltk:Fl.obj
 0003:000035a8       ?free_check@@3PAUCheck@@A  0048b5a8     fltk:Fl.obj
 0003:000035ac       ?thread_message_@@3PAXA    0048b5ac     fltk:Fl.obj
 0003:000035b0       ?fdsets@@3PAUfd_set@@A     0048b5b0     fltk:Fl.obj
 0003:000038bc       ?win32_timers@@3PAUWin32Timer@@A 0048b8bc     fltk:Fl.obj
 0003:000038c0       ?win32_timer_alloc@@3HA    0048b8c0     fltk:Fl.obj
 0003:000038c4       ?win32_timer_used@@3HA     0048b8c4     fltk:Fl.obj
 0003:000038c8       ?s_TimerWnd@@3PAUHWND__@@A 0048b8c8     fltk:Fl.obj
 0003:000038cc       ?resize_bug_fix@@3PAVFl_Window@@A 0048b8cc     fltk:Fl.obj
 0003:000038d0       ?in_idle@?1??fl_wait@@YAHN@Z@4DA 0048b8d0     fltk:Fl.obj
 0003:000038d1       ?beenHereDoneThat@?1??fl_open_display@@YAXXZ@4DA 0048b8d1     fltk:Fl.obj
 0003:000038d4       ?px@?1??mouse_event@@YAHPAVFl_Window@@HHIJ@Z@4HA 0048b8d4     fltk:Fl.obj
 0003:000038d8       ?py@?1??mouse_event@@YAHPAVFl_Window@@HHIJ@Z@4HA 0048b8d8     fltk:Fl.obj
 0003:000038dc       ?pmx@?1??mouse_event@@YAHPAVFl_Window@@HHIJ@Z@4HA 0048b8dc     fltk:Fl.obj
 0003:000038e0       ?pmy@?1??mouse_event@@YAHPAVFl_Window@@HHIJ@Z@4HA 0048b8e0     fltk:Fl.obj
 0003:000038e8       ?vklut@?1??ms2fltk@@YAHIH@Z@4PAGA 0048b8e8     fltk:Fl.obj
 0003:00003ae8       ?extendedlut@?1??ms2fltk@@YAHIH@Z@4PAGA 0048bae8     fltk:Fl.obj
 0003:00003ce8       ?buffer@?DH@??WndProc@@YGJPAUHWND__@@IIJ@Z@4PADA 0048bce8     fltk:Fl.obj
 0003:000040e8       ?delta@?GG@??WndProc@@YGJPAUHWND__@@IIJ@Z@4HA 0048c0e8     fltk:Fl.obj
 0003:000040ec       ?delta@?GJ@??WndProc@@YGJPAUHWND__@@IIJ@Z@4HA 0048c0ec     fltk:Fl.obj
 0003:000040f0       ?class_name_list@?1??make@Fl_X@@SAPAV2@PAVFl_Window@@@Z@4VNameList@@A 0048c0f0     fltk:Fl.obj
 0003:000040fc       ?$TSS0@?1??make@Fl_X@@SAPAV2@PAVFl_Window@@@Z@4HA 0048c0fc     fltk:Fl.obj
 0003:00004100       ?first_class_name@?1??make@Fl_X@@SAPAV2@PAVFl_Window@@@Z@4PBDB 0048c100     fltk:Fl.obj
 0003:00004104       ?avoidRecursion@@3DA       0048c104     fltk:fl_ask.obj
 0003:0000410c       ?message_form@@3PAVFl_Window@@A 0048c10c     fltk:fl_ask.obj
 0003:00004110       ?message@@3PAVFl_Box@@A    0048c110     fltk:fl_ask.obj
 0003:00004114       ?icon@@3PAVFl_Box@@A       0048c114     fltk:fl_ask.obj
 0003:00004118       ?button@@3PAPAVFl_Button@@A 0048c118     fltk:fl_ask.obj
 0003:00004124       ?input@@3PAVFl_Input@@A    0048c124     fltk:fl_ask.obj
 0003:00004128       ?ret_val@@3HA              0048c128     fltk:fl_ask.obj
 0003:0000412c       ?message_title_default@@3PBDB 0048c12c     fltk:fl_ask.obj
 0003:00004140       ?fc@@3PAVFl_File_Chooser@@A 0048c140     fltk:fl_file_dir.obj
 0003:00004144       ?current_callback@@3P6AXPBD@ZA 0048c144     fltk:fl_file_dir.obj
 0003:00004148       ?current_label@@3PBDB      0048c148     fltk:fl_file_dir.obj
 0003:00004150       ?retname@?1??fl_file_chooser@@YAPADPBD00H@Z@4PADA 0048c150     fltk:fl_file_dir.obj
 0003:00004950       ?retname@?1??fl_dir_chooser@@YAPADPBD0H@Z@4PADA 0048c950     fltk:fl_file_dir.obj
 0003:00005150       ?fl_gmi@@3P6GHPAUHMONITOR__@@PAUtagMONITORINFO@@@ZA 0048d150     fltk:screen_xywh.obj
 0003:00005158       ?screens@@3PAUtagRECT@@A   0048d158     fltk:screen_xywh.obj
 0003:00005258       ?work_area@@3PAUtagRECT@@A 0048d258     fltk:screen_xywh.obj
 0003:00005358       ?dpi@@3PAY01MA             0048d358     fltk:screen_xywh.obj
 0003:00005408       ?main_thread@@3KA          0048d408     fltk:Fl_lock.obj
 0003:00005410       ?measure@@3PAP6AXPBUFl_Label@@AAH1@ZA 0048d410     fltk:fl_labeltype.obj
 0003:00005450       ?obj_queue@@3PAPAVFl_Widget@@A 0048d450     fltk:Fl_Widget.obj
 0003:000054a0       ?obj_head@@3HA             0048d4a0     fltk:Fl_Widget.obj
 0003:000054a4       ?obj_tail@@3HA             0048d4a4     fltk:Fl_Widget.obj
 0003:000054b4       ?window@@3PAVFl_TooltipBox@@A 0048d4b4     fltk:Fl_Tooltip.obj
 0003:000054bc       ?tip@@3PBDB                0048d4bc     fltk:Fl_Tooltip.obj
 0003:000054c0       ?Y@@3HA                    0048d4c0     fltk:Fl_Tooltip.obj
 0003:000054c4       ?H@@3HA                    0048d4c4     fltk:Fl_Tooltip.obj
 0003:000054c8       ?recent_tooltip@@3DA       0048d4c8     fltk:Fl_Tooltip.obj
 0003:000054c9       ?recursion@@3DA            0048d4c9     fltk:Fl_Tooltip.obj
 0003:000054ca       ?beenhere@?1??set_enter_exit_once_@Fl_Tooltip@@CAXXZ@4DA 0048d4ca     fltk:Fl_Tooltip.obj
 0003:000060d8       ?tmppen@@3PAXA             0048e0d8     fltk:fl_color.obj
 0003:000060dc       ?savepen@@3PAUHPEN__@@A    0048e0dc     fltk:fl_color.obj
 0003:000060e0       ?xmap@?1??color@Fl_GDI_Graphics_Driver@@UAEXEEE@Z@4UFl_XMap@@A 0048e0e0     fltk:fl_color.obj
 0003:000060f0       ?brushes@?1??fl_brush_action@@YAPAUHBRUSH__@@H@Z@4PAUFl_Brush@?1??1@YAPAU2@H@Z@A 0048e0f0     fltk:fl_color.obj
 0003:000061b0       ?beenhere@?1??fl_select_palette@@YAPAUHPALETTE__@@XZ@4DA 0048e1b0     fltk:fl_color.obj
 0003:000061b4       ?fl_alpha_blend@@3P6GHPAUHDC__@@HHHH0HHHHUFL_BLENDFUNCTION@@@ZA 0048e1b4     fltk:Fl_Double_Window.obj
 0003:000061b8       ?been_here@?1??fl_can_do_alpha_blending@@YADXZ@4DA 0048e1b8     fltk:Fl_Double_Window.obj
 0003:000061b9       ?can_do@?1??fl_can_do_alpha_blending@@YADXZ@4DA 0048e1b9     fltk:Fl_Double_Window.obj
 0003:0000626c       ?hMod@?1??newUUID@Fl_Preferences@@SAPBDXZ@4PAUHINSTANCE__@@A 0048e26c     fltk:Fl_Preferences.obj
 0003:0000627c       ?fl_angle_@@3HA            0048e27c     fltk:fl_font.obj
 0003:00006280       ?wstr@@3PAGA               0048e280     fltk:fl_font.obj
 0003:00006284       ?wstr_len@@3HA             0048e284     fltk:fl_font.obj
 0003:00006288       ?fl_GetGlyphIndices@@3P6GKPAUHDC__@@PB_WHPAGK@ZA 0048e288     fltk:fl_font.obj
 0003:0000628c       ?have_loaded_GetGlyphIndices@@3HA 0048e28c     fltk:fl_font.obj
 0003:00006290       ?ext_buff@?1??text_extents@Fl_GDI_Graphics_Driver@@UAEXPBDHAAH111@Z@4PAGA 0048e290     fltk:fl_font.obj
 0003:00006294       ?w_buff@?1??text_extents@Fl_GDI_Graphics_Driver@@UAEXPBDHAAH111@Z@4PAGA 0048e294     fltk:fl_font.obj
 0003:00006298       ?wc_len@?1??text_extents@Fl_GDI_Graphics_Driver@@UAEXPBDHAAH111@Z@4IA 0048e298     fltk:fl_font.obj
 0003:000062a8       ?hMod@?1??draw@Fl_GDI_Printer_Graphics_Driver@@UAEXPAVFl_Pixmap@@HHHHHH@Z@4PAUHINSTANCE__@@A 0048e2a8     fltk:Fl_Pixmap.obj
 0003:000062ac       ?fl_TransparentBlt@?1??draw@Fl_GDI_Printer_Graphics_Driver@@UAEXPAVFl_Pixmap@@HHHHHH@Z@4P6GHPAUHDC__@@HHHH1HHHHI@ZA 0048e2ac     fltk:Fl_Pixmap.obj
 0003:000062b0       ?fl_TransparentBlt@?1??draw@Fl_GDI_Printer_Graphics_Driver@@UAEXPAVFl_Bitmap@@HHHHHH@Z@4P6GHPAUHDC__@@HHHH1HHHHI@ZA 0048e2b0     fltk:Fl_Bitmap.obj
 0003:000062b4       ?hMod@?1??draw@Fl_GDI_Printer_Graphics_Driver@@UAEXPAVFl_Bitmap@@HHHHHH@Z@4PAUHINSTANCE__@@A 0048e2b4     fltk:Fl_Bitmap.obj
 0003:000062b8       ?ri@?1??dither@@YAXPAEPBEHH@Z@4HA 0048e2b8     fltk:fl_draw_image.obj
 0003:000062bc       ?gi@?1??dither@@YAXPAEPBEHH@Z@4HA 0048e2bc     fltk:fl_draw_image.obj
 0003:000062c0       ?bi@?1??dither@@YAXPAEPBEHH@Z@4HA 0048e2c0     fltk:fl_draw_image.obj
 0003:000062c4       ?dir@?1??dither@@YAXPAEPBEHH@Z@4HA 0048e2c4     fltk:fl_draw_image.obj
 0003:000062c8       ?ri@?1??monodither@@YAXPAEPBEHH@Z@4HA 0048e2c8     fltk:fl_draw_image.obj
 0003:000062cc       ?dir@?1??monodither@@YAXPAEPBEHH@Z@4HA 0048e2cc     fltk:fl_draw_image.obj
 0003:000062d0       ?bmibuffer@?1??innards@@YAXPBEHHHHHHHP6AXPAXHHHPAE@Z1@Z@4PAIA 0048e2d0     fltk:fl_draw_image.obj
 0003:00006700       ?buffer@?1??innards@@YAXPBEHHHHHHHP6AXPAXHHHPAE@Z1@Z@4PAIA 0048e700     fltk:fl_draw_image.obj
 0003:00006704       ?buffer_size@?1??innards@@YAXPBEHHHHHHHP6AXPAXHHHPAE@Z1@Z@4JA 0048e704     fltk:fl_draw_image.obj
 0003:00006708       ?line_buffer@?1??innards@@YAXPBEHHHHHHHP6AXPAXHHHPAE@Z1@Z@4PAIA 0048e708     fltk:fl_draw_image.obj
 0003:0000670c       ?line_buf_size@?CH@??innards@@YAXPBEHHHHHHHP6AXPAXHHHPAE@Z1@Z@4HA 0048e70c     fltk:fl_draw_image.obj
 0003:00006718       ?fl_bg_set@@3DA            0048e718     fltk:Fl_get_system_colors.obj
 0003:00006719       ?fl_bg2_set@@3DA           0048e719     fltk:Fl_get_system_colors.obj
 0003:0000671a       ?fl_fg_set@@3DA            0048e71a     fltk:Fl_get_system_colors.obj
 0003:00006728       ?tile@@3VFl_Pixmap@@A      0048e728     fltk:Fl_get_system_colors.obj
 0003:00006750       ?e@?1??scheme@Fl@@SAHPBD@Z@4PADA 0048e750     fltk:Fl_get_system_colors.obj
 0003:00006b88       ?mbwbuf@@3PA_WA            0048eb88     fltk:fl_utf8.obj
 0003:00006b90       ?buf@@3PADA                0048eb90     fltk:fl_utf8.obj
 0003:00006b94       ?buf_len@@3HA              0048eb94     fltk:fl_utf8.obj
 0003:00006b98       ?wbufa@@3PAGA              0048eb98     fltk:fl_utf8.obj
 0003:00006b9c       ?wbuf@@3PA_WA              0048eb9c     fltk:fl_utf8.obj
 0003:00006ba0       ?wbuf1@@3PA_WA             0048eba0     fltk:fl_utf8.obj
 0003:00006ba4       ?table@?1??Toupper@@YAHH@Z@4PAGA 0048eba4     fltk:fl_utf8.obj
 0003:00006ba8       ?buf@?1??fl_utf2mbcs@@9@4PADA 0048eba8     fltk:fl_utf8.obj
 0003:00006bac       ?buf@?1??fl_getenv@@9@4PADA 0048ebac     fltk:fl_utf8.obj
 0003:00006bb0       ?wbuf@?1??fl_getcwd@@9@4PA_WA 0048ebb0     fltk:fl_utf8.obj
 0003:00006bb4       ?buf@?1??fl_shortcut_label@@YAPBDIPAPBD@Z@4PADA 0048ebb4     fltk:fl_shortcut.obj
 0003:00006bec       ?l_secret@@3HA             0048ebec     fltk:Fl_Input_.obj
 0003:00006bf0       ?undobuffer@@3PADA         0048ebf0     fltk:Fl_Input_.obj
 0003:00006bf4       ?undobufferlength@@3HA     0048ebf4     fltk:Fl_Input_.obj
 0003:00006bf8       ?undowidget@@3PAVFl_Input_@@A 0048ebf8     fltk:Fl_Input_.obj
 0003:00006bfc       ?undoat@@3HA               0048ebfc     fltk:Fl_Input_.obj
 0003:00006c00       ?undocut@@3HA              0048ec00     fltk:Fl_Input_.obj
 0003:00006c04       ?undoinsert@@3HA           0048ec04     fltk:Fl_Input_.obj
 0003:00006c08       ?yankcut@@3HA              0048ec08     fltk:Fl_Input_.obj
 0003:00006c0c       ?legal_fp_chars@@3PBDB     0048ec0c     fltk:Fl_Input.obj
 0003:00006c10       ?dnd_save_position@?1??handle@Fl_Input@@UAEHH@Z@4HA 0048ec10     fltk:Fl_Input.obj
 0003:00006c14       ?dnd_save_mark@?1??handle@Fl_Input@@UAEHH@Z@4HA 0048ec14     fltk:Fl_Input.obj
 0003:00006c18       ?newpos@?1??handle@Fl_Input@@UAEHH@Z@4HA 0048ec18     fltk:Fl_Input.obj
 0003:00006c1c       ?dnd_save_focus@?1??handle@Fl_Input@@UAEHH@Z@4PAVFl_Widget@@A 0048ec1c     fltk:Fl_Input.obj
 0003:00006c24       ?underline_at@@3PADA       0048ec24     fltk:fl_draw.obj
 0003:00006c28       ?local_buf@?1??expand_text_@@YAPBDPBDAAPADHNAAHAANHH@Z@4PADA 0048ec28     fltk:fl_draw.obj
 0003:00006c2c       ?$TSS0@?1??expand_text_@@YAPBDPBDAAPADHNAAHAANHH@Z@4HA 0048ec2c     fltk:fl_draw.obj
 0003:00006c34       ?pressed_menu_button_@@3PAVFl_Menu_Button@@A 0048ec34     fltk:Fl_Menu_Button.obj
 0003:00006c38       ?p@@3PAUmenustate@@A       0048ec38     fltk:Fl_Menu.obj
 0003:00006c3c       ?button@@3PBVFl_Menu_@@B   0048ec3c     fltk:Fl_Menu.obj
 0003:00006c40       ?dummy@?1??popup@Fl_Menu_Item@@QBEPBU2@HHPBDPBU2@PBVFl_Menu_@@@Z@4U2@A 0048ec40     fltk:Fl_Menu.obj
 0003:00006c64       ?local_array@@3PAUFl_Menu_Item@@A 0048ec64     fltk:Fl_Menu_add.obj
 0003:00006c68       ?local_array_alloc@@3HA    0048ec68     fltk:Fl_Menu_add.obj
 0003:00006c6c       ?local_array_size@@3HA     0048ec6c     fltk:Fl_Menu_add.obj
 0003:00006c70       ?offcenter@?9??handle@Fl_Slider@@IAEHHHHHH@Z@4HA 0048ec70     fltk:Fl_Slider.obj
 0003:00006c74       ?image_new@@3VFl_Bitmap@@A 0048ec74     fltk:Fl_File_Chooser.obj
 0003:00006ca8       ?pathname@?1??value@Fl_File_Chooser@@QAEPBDH@Z@4PADA 0048eca8     fltk:Fl_File_Chooser2.obj
 0003:000074b0       ?ncolors@@3HA              0048f4b0     fltk:fl_draw_pixmap.obj
 0003:000074b4       ?chars_per_pixel@@3HA      0048f4b4     fltk:fl_draw_pixmap.obj
 0003:000074b8       ?color_count@@3HA          0048f4b8     fltk:fl_draw_pixmap.obj
 0003:000074bc       ?used_colors@@3PAUUsedColor@@A 0048f4bc     fltk:fl_draw_pixmap.obj
 0003:000074c0       ?table@?1??XUtf8Toupper@@9@9 0048f4c0     fltk:case.obj
 0003:000074c8       ?symbols@@3PAUSYMBOL@@A    0048f4c8     fltk:fl_symbols.obj
 0003:00007eac       ?beenhere@?1??fl_init_symbols@@YAXXZ@4DA 0048feac     fltk:fl_symbols.obj
 0003:00007eb0       ?cursor@?1??set_cursor@@YAXPAVFl_Tile@@W4Fl_Cursor@@@Z@4W43@A 0048feb0     fltk:Fl_Tile.obj
 0003:00007eb4       ?sdrag@?1??handle@Fl_Tile@@UAEHH@Z@4HA 0048feb4     fltk:Fl_Tile.obj
 0003:00007eb8       ?sdx@?1??handle@Fl_Tile@@UAEHH@Z@4HA 0048feb8     fltk:Fl_Tile.obj
 0003:00007ebc       ?sdy@?1??handle@Fl_Tile@@UAEHH@Z@4HA 0048febc     fltk:Fl_Tile.obj
 0003:00007ec0       ?sx@?1??handle@Fl_Tile@@UAEHH@Z@4HA 0048fec0     fltk:Fl_Tile.obj
 0003:00007ec4       ?sy@?1??handle@Fl_Tile@@UAEHH@Z@4HA 0048fec4     fltk:Fl_Tile.obj
 0003:00007ec8       ?change@?1??handle@Fl_Browser_@@UAEHH@Z@4DA 0048fec8     fltk:Fl_Browser_.obj
 0003:00007ec9       ?whichway@?1??handle@Fl_Browser_@@UAEHH@Z@4DA 0048fec9     fltk:Fl_Browser_.obj
 0003:00007ecc       ?py@?1??handle@Fl_Browser_@@UAEHH@Z@4HA 0048fecc     fltk:Fl_Browser_.obj
 0003:00007ed0       ?inButtonBar@?1??handle@Fl_File_Input@@UAEHH@Z@4DA 0048fed0     fltk:Fl_File_Input.obj
 0003:00007ef0       ?SWAP_TYPE@@3DA            0048fef0     fltkgl:Fl_Gl_Window.obj
 0003:00007ef8       ?ortho_context@?DG@??flush@Fl_Gl_Window@@UAEXXZ@4PAUHGLRC__@@A 0048fef8     fltkgl:Fl_Gl_Window.obj
 0003:00007efc       ?ortho_window@?DG@??flush@Fl_Gl_Window@@UAEXXZ@4PAV2@A 0048fefc     fltkgl:Fl_Gl_Window.obj
 0003:00007f00       ?context_list@@3PAPAUHGLRC__@@A 0048ff00     fltkgl:Fl_Gl_Choice.obj
 0003:00007f04       ?nContext@@3HA             0048ff04     fltkgl:Fl_Gl_Choice.obj
 0003:00007f08       ?NContext@@3HA             0048ff08     fltkgl:Fl_Gl_Choice.obj
 0003:00007f0c       ?first@@3PAVFl_Gl_Choice@@A 0048ff0c     fltkgl:Fl_Gl_Choice.obj
 0003:00007f10       ?cached_context@@3PAUHGLRC__@@A 0048ff10     fltkgl:Fl_Gl_Choice.obj
 0003:00007f14       ?cached_window@@3PAVFl_Window@@A 0048ff14     fltkgl:Fl_Gl_Choice.obj
 0003:00007f1c       ?Gl_Device_Plugin@@3VFl_Gl_Device_Plugin@@A 0048ff1c     fltkgl:Fl_Gl_Device_Plugin.obj
 0003:00007f24       ?gl_fontsize@@3PAVFl_Font_Descriptor@@A 0048ff24     fltkgl:gl_draw.obj
 0003:00007f28       ?buf@?1??gl_draw@@YAXPBDH@Z@4PA_WA 0048ff28     fltkgl:gl_draw.obj
 0003:00007f2c       ?l@?1??gl_draw@@YAXPBDH@Z@4HA 0048ff2c     fltkgl:gl_draw.obj
 0003:00007f30       _GS_ExceptionRecord        0048ff30     MSVCRT:gs_report.obj
 0003:00007f80       _GS_ContextRecord          0048ff80     MSVCRT:gs_report.obj
 0003:00008254       ?is_initialized_as_dll@@3_NA 00490254     MSVCRT:utility.obj
 0003:00008255       ?module_local_atexit_table_initialized@@3_NA 00490255     MSVCRT:utility.obj
 0003:00008258       ?module_local_atexit_table@@3U_onexit_table_t@@A 00490258     MSVCRT:utility.obj
 0003:00008264       ?module_local_at_quick_exit_table@@3U_onexit_table_t@@A 00490264     MSVCRT:utility.obj
 0003:00008270       ?g_tss_cv@@3U_RTL_CONDITION_VARIABLE@@A 00490270     MSVCRT:thread_safe_statics.obj
 0003:00008274       ?g_tss_event@@3PAXA        00490274     MSVCRT:thread_safe_statics.obj
 0003:00008278       ?g_tss_mutex@@3U_RTL_CRITICAL_SECTION@@A 00490278     MSVCRT:thread_safe_statics.obj
 0003:00008290       ?g_sleep_condition_variable_cs@@3P6GHPAU_RTL_CONDITION_VARIABLE@@PAU_RTL_CRITICAL_SECTION@@K@ZA 00490290     MSVCRT:thread_safe_statics.obj
 0003:00008294       ?g_wake_all_condition_variable@@3P6GXPAU_RTL_CONDITION_VARIABLE@@@ZA 00490294     MSVCRT:thread_safe_statics.obj
 0003:000082b8       ?_Fac_head@std@@3PAU_Fac_node@1@A 004902b8     msvcprt:locale0_implib.obj
 0003:000082bc       ?_Fac_tidy_reg@std@@3U_Fac_tidy_reg_t@1@B 004902bc     msvcprt:locale0_implib.obj
 0003:000082c0       ?mbwbuf@?1??mbcs2utf@@9@9  004902c0     fltk:fl_call_main.obj
 0004:00000060       $R000000                   00491060     * linker generated manifest res *
